Archive member included to satisfy reference by file (symbol)

/Users/alejandro/Documents/MCUXpressoIDE_10.2.0/workspace/ChipDriverLibrary/Debug/libChipDriverLibrary.a(SysTick.o)
                              ./src/Services/Scheduler/Scheduler.o (SysTick_Init)
/Users/alejandro/Documents/MCUXpressoIDE_10.2.0/workspace/ChipDriverLibrary/Debug/libChipDriverLibrary.a(system_LPC17xx.o)
                              /Users/alejandro/Documents/MCUXpressoIDE_10.2.0/workspace/ChipDriverLibrary/Debug/libChipDriverLibrary.a(SysTick.o) (SystemCoreClock)
/Users/alejandro/Documents/MCUXpressoIDE_10.2.0/workspace/InfotronicDriverLibrary/Debug/libInfotronicDriverLibrary.a(Lcd.o)
                              ./src/main.o (Lcd_Init)
/Users/alejandro/Documents/MCUXpressoIDE_10.2.0/workspace/InfotronicDriverLibrary/Debug/libInfotronicDriverLibrary.a(Keyboard.o)
                              ./src/main.o (Keyboard_Init)
/Users/alejandro/Documents/MCUXpressoIDE_10.2.0/workspace/InfotronicDriverLibrary/Debug/libInfotronicDriverLibrary.a(Heartbeat.o)
                              ./src/main.o (Heartbeat_Init)
/Users/alejandro/Documents/MCUXpressoIDE_10.2.0/workspace/InfotronicDriverLibrary/Debug/libInfotronicDriverLibrary.a(DigOut.o)
                              ./src/main.o (DigOut_Init)
/Users/alejandro/Documents/MCUXpressoIDE_10.2.0/workspace/InfotronicDriverLibrary/Debug/libInfotronicDriverLibrary.a(DigInp.o)
                              ./src/main.o (DigInp_Init)
/Users/alejandro/Documents/MCUXpressoIDE_10.2.0/workspace/InfotronicDriverLibrary/Debug/libInfotronicDriverLibrary.a(Gpio.o)
                              /Users/alejandro/Documents/MCUXpressoIDE_10.2.0/workspace/InfotronicDriverLibrary/Debug/libInfotronicDriverLibrary.a(Lcd.o) (Gpio_SetDir)
/Users/alejandro/Documents/MCUXpressoIDE_10.2.0/workspace/InfotronicDriverLibrary/Debug/libInfotronicDriverLibrary.a(Pin.o)
                              /Users/alejandro/Documents/MCUXpressoIDE_10.2.0/workspace/InfotronicDriverLibrary/Debug/libInfotronicDriverLibrary.a(Lcd.o) (Pin_Config)
/Users/alejandro/Documents/MCUXpressoIDE_10.2.0/workspace/InfotronicDriverLibrary/Debug/libInfotronicDriverLibrary.a(StandardKeyboardDriver.o)
                              /Users/alejandro/Documents/MCUXpressoIDE_10.2.0/workspace/InfotronicDriverLibrary/Debug/libInfotronicDriverLibrary.a(Keyboard.o) (StandardKeyboardDriver_Init)
/Users/alejandro/Documents/MCUXpressoIDE_10.2.0/workspace/InfotronicDriverLibrary/Debug/libInfotronicDriverLibrary.a(MatrixKeyboardDriver.o)
                              /Users/alejandro/Documents/MCUXpressoIDE_10.2.0/workspace/InfotronicDriverLibrary/Debug/libInfotronicDriverLibrary.a(Keyboard.o) (MatrixKeyboardDriver_Init)
/Users/alejandro/Documents/MCUXpressoIDE_10.2.0/workspace/InfotronicDriverLibrary/Debug/libInfotronicDriverLibrary.a(Debug.o)
                              /Users/alejandro/Documents/MCUXpressoIDE_10.2.0/workspace/InfotronicDriverLibrary/Debug/libInfotronicDriverLibrary.a(Gpio.o) (Debug_CheckFailed)
/Applications/MCUXpressoIDE_10.2.0_759/ide/tools/bin/../lib/gcc/arm-none-eabi/7.2.1/../../../../arm-none-eabi/lib/thumb/v7-m/libcr_c.a(__weak__main.o)
                              ./src/cr_startup_lpc175x_6x.o (__main)
/Applications/MCUXpressoIDE_10.2.0_759/ide/tools/bin/../lib/gcc/arm-none-eabi/7.2.1/../../../../arm-none-eabi/lib/thumb/v7-m/libcr_c.a(fpprintf.o)
                              /Users/alejandro/Documents/MCUXpressoIDE_10.2.0/workspace/InfotronicDriverLibrary/Debug/libInfotronicDriverLibrary.a(Lcd.o) (vsprintf)
/Applications/MCUXpressoIDE_10.2.0_759/ide/tools/bin/../lib/gcc/arm-none-eabi/7.2.1/../../../../arm-none-eabi/lib/thumb/v7-m/libcr_c.a(printf.o)
                              /Applications/MCUXpressoIDE_10.2.0_759/ide/tools/bin/../lib/gcc/arm-none-eabi/7.2.1/../../../../arm-none-eabi/lib/thumb/v7-m/libcr_c.a(fpprintf.o) (__vfprintf)
/Applications/MCUXpressoIDE_10.2.0_759/ide/tools/bin/../lib/gcc/arm-none-eabi/7.2.1/../../../../arm-none-eabi/lib/thumb/v7-m/libcr_c.a(strlen.o)
                              /Applications/MCUXpressoIDE_10.2.0_759/ide/tools/bin/../lib/gcc/arm-none-eabi/7.2.1/../../../../arm-none-eabi/lib/thumb/v7-m/libcr_c.a(printf.o) (strlen)
/Applications/MCUXpressoIDE_10.2.0_759/ide/tools/bin/../lib/gcc/arm-none-eabi/7.2.1/../../../../arm-none-eabi/lib/thumb/v7-m/libcr_c.a(memset.o)
                              /Applications/MCUXpressoIDE_10.2.0_759/ide/tools/bin/../lib/gcc/arm-none-eabi/7.2.1/../../../../arm-none-eabi/lib/thumb/v7-m/libcr_c.a(fpprintf.o) (memset)
/Applications/MCUXpressoIDE_10.2.0_759/ide/tools/bin/../lib/gcc/arm-none-eabi/7.2.1/../../../../arm-none-eabi/lib/thumb/v7-m/libcr_c.a(_deferredlazyseek.o)
                              /Applications/MCUXpressoIDE_10.2.0_759/ide/tools/bin/../lib/gcc/arm-none-eabi/7.2.1/../../../../arm-none-eabi/lib/thumb/v7-m/libcr_c.a(fpprintf.o) (__flsbuf)
[...]
Memory Configuration

Name             Origin             Length             Attributes
MFlash512        0x0000000000000000 0x0000000000080000 xr
RamLoc32         0x0000000010000000 0x0000000000008000 xrw
RamAHB32         0x000000002007c000 0x0000000000008000 xrw
*default*        0x0000000000000000 0xffffffffffffffff

Linker script and memory map

LOAD ./src/Services/Scheduler/Scheduler.o
LOAD ./src/cr_startup_lpc175x_6x.o
LOAD ./src/crp.o
LOAD ./src/main.o
LOAD /Users/alejandro/Documents/MCUXpressoIDE_10.2.0/workspace/ChipDriverLibrary/Debug/libChipDriverLibrary.a
LOAD /Users/alejandro/Documents/MCUXpressoIDE_10.2.0/workspace/InfotronicDriverLibrary/Debug/libInfotronicDriverLibrary.a
START GROUP
LOAD /Applications/MCUXpressoIDE_10.2.0_759/ide/tools/bin/../lib/gcc/arm-none-eabi/7.2.1/../../../../arm-none-eabi/lib/thumb/v7-m/libcr_c.a
LOAD /Applications/MCUXpressoIDE_10.2.0_759/ide/tools/bin/../lib/gcc/arm-none-eabi/7.2.1/thumb/v7-m/libcr_eabihelpers.a
END GROUP
                0x0000000000000000                __base_MFlash512 = 0x0
                0x0000000000000000                __base_Flash = 0x0
                0x0000000000080000                __top_MFlash512 = 0x80000
                0x0000000000080000                __top_Flash = 0x80000
                0x0000000010000000                __base_RamLoc32 = 0x10000000
                0x0000000010000000                __base_RAM = 0x10000000
                0x0000000010008000                __top_RamLoc32 = 0x10008000
                0x0000000010008000                __top_RAM = 0x10008000
                0x000000002007c000                __base_RamAHB32 = 0x2007c000
                0x000000002007c000                __base_RAM2 = 0x2007c000
                0x0000000020084000                __top_RamAHB32 = 0x20084000
                0x0000000020084000                __top_RAM2 = 0x20084000

.text           0x0000000000000000      0xd98
 FILL mask 0xff
                0x0000000000000000                __vectors_start__ = ABSOLUTE (.)
 *(.isr_vector)
 .isr_vector    0x0000000000000000       0xcc ./src/cr_startup_lpc175x_6x.o
                0x0000000000000000                g_pfnVectors
                0x00000000000000cc                . = ALIGN (0x4)
                0x00000000000000cc                __section_table_start = .
                0x00000000000000cc                __data_section_table = .
                0x00000000000000cc        0x4 LONG 0xd98 LOADADDR (.data)
                0x00000000000000d0        0x4 LONG 0x10000000 ADDR (.data)
                0x00000000000000d4        0x4 LONG 0x10 SIZEOF (.data)
                0x00000000000000d8        0x4 LONG 0xd98 LOADADDR (.data_RAM2)
                0x00000000000000dc        0x4 LONG 0x2007c000 ADDR (.data_RAM2)
                0x00000000000000e0        0x4 LONG 0x0 SIZEOF (.data_RAM2)
                0x00000000000000e4                __data_section_table_end = .
                0x00000000000000e4                __bss_section_table = .
                0x00000000000000e4        0x4 LONG 0x10000010 ADDR (.bss)
                0x00000000000000e8        0x4 LONG 0xa4 SIZEOF (.bss)
                0x00000000000000ec        0x4 LONG 0x2007c000 ADDR (.bss_RAM2)
                0x00000000000000f0        0x4 LONG 0x0 SIZEOF (.bss_RAM2)
                0x00000000000000f4                __bss_section_table_end = .
                0x00000000000000f4                __section_table_end = .
 *(.after_vectors*)
 .after_vectors
                0x00000000000000f4      0x128 ./src/cr_startup_lpc175x_6x.o
                0x00000000000000f4                data_init
                0x0000000000000136                bss_init
                0x000000000000016c                ResetISR
                0x00000000000001e0                NMI_Handler
                0x00000000000001e6                HardFault_Handler
                0x00000000000001ec                MemManage_Handler
                0x00000000000001f2                BusFault_Handler
                0x00000000000001f8                UsageFault_Handler
                0x00000000000001fe                SVC_Handler
                0x0000000000000204                DebugMon_Handler
                0x000000000000020a                PendSV_Handler
                0x0000000000000216                UART0_IRQHandler
                0x0000000000000216                IntDefaultHandler
                0x0000000000000216                PLL0_IRQHandler
                0x0000000000000216                CAN_IRQHandler
                0x0000000000000216                PLL1_IRQHandler
                0x0000000000000216                SSP0_IRQHandler
                0x0000000000000216                TIMER2_IRQHandler
                0x0000000000000216                I2C2_IRQHandler
                0x0000000000000216                RTC_IRQHandler
                0x0000000000000216                TIMER0_IRQHandler
                0x0000000000000216                SPI_IRQHandler
                0x0000000000000216                EINT1_IRQHandler
                0x0000000000000216                TIMER1_IRQHandler
                0x0000000000000216                UART2_IRQHandler
                0x0000000000000216                ADC_IRQHandler
                0x0000000000000216                SSP1_IRQHandler
                0x0000000000000216                USB_IRQHandler
                0x0000000000000216                BOD_IRQHandler
                0x0000000000000216                WDT_IRQHandler
                0x0000000000000216                QEI_IRQHandler
                0x0000000000000216                EINT0_IRQHandler
                0x0000000000000216                DMA_IRQHandler
                0x0000000000000216                UART3_IRQHandler
                0x0000000000000216                MCPWM_IRQHandler
                0x0000000000000216                ENET_IRQHandler
                0x0000000000000216                I2S_IRQHandler
                0x0000000000000216                RIT_IRQHandler
                0x0000000000000216                I2C0_IRQHandler
                0x0000000000000216                USBActivity_IRQHandler
                0x0000000000000216                PWM1_IRQHandler
                0x0000000000000216                I2C1_IRQHandler
                0x0000000000000216                EINT2_IRQHandler
                0x0000000000000216                UART1_IRQHandler
                0x0000000000000216                EINT3_IRQHandler
                0x0000000000000216                CANActivity_IRQHandler
                0x0000000000000216                TIMER3_IRQHandler
                0x00000000000002fc                . = 0x2fc
 *fill*         0x000000000000021c       0xe0 ff
                0x00000000000002fc                PROVIDE (__CRP_WORD_START__, .)
 *(.crp)
 .crp           0x00000000000002fc        0x4 ./src/crp.o
                0x00000000000002fc                CRP_WORD
                0x0000000000000300                PROVIDE (__CRP_WORD_END__, .)
                0x0000000000000001                ASSERT (! ((__CRP_WORD_START__ == __CRP_WORD_END__)), Linker CRP Enabled, but no CRP_WORD provided within application)
 *(.text*)
 .text.Scheduler_Init
                0x0000000000000300       0x1c ./src/Services/Scheduler/Scheduler.o
                0x0000000000000300                Scheduler_Init
 .text.Scheduler_AddTask
                0x000000000000031c       0x7c ./src/Services/Scheduler/Scheduler.o
                0x000000000000031c                Scheduler_AddTask
 .text.Scheduler_Start
                0x0000000000000398       0x18 ./src/Services/Scheduler/Scheduler.o
                0x0000000000000398                Scheduler_Start
 .text.Scheduler_Dispatcher
                0x00000000000003b0       0xdc ./src/Services/Scheduler/Scheduler.o
                0x00000000000003b0                Scheduler_Dispatcher
 .text.Scheduler_Update
                0x000000000000048c       0x1c ./src/Services/Scheduler/Scheduler.o
 .text.SysTick_Handler
                0x00000000000004a8        0xc ./src/Services/Scheduler/Scheduler.o
                0x00000000000004a8                SysTick_Handler
 .text.MaqEstSensores
                0x00000000000004b4       0x78 ./src/main.o
                0x00000000000004b4                MaqEstSensores
 .text.main     0x000000000000052c       0x84 ./src/main.o
                0x000000000000052c                main
 .text.SysTick_Init
                0x00000000000005b0       0x60 /Users/alejandro/Documents/MCUXpressoIDE_10.2.0/workspace/ChipDriverLibrary/Debug/libChipDriverLibrary.a(SysTick.o)
                0x00000000000005b0                SysTick_Init
 .text.SystemInit
                0x0000000000000610      0x14c /Users/alejandro/Documents/MCUXpressoIDE_10.2.0/workspace/ChipDriverLibrary/Debug/libChipDriverLibrary.a(system_LPC17xx.o)
                0x0000000000000610                SystemInit
 .text.Lcd_Init
                0x000000000000075c       0xa8 /Users/alejandro/Documents/MCUXpressoIDE_10.2.0/workspace/InfotronicDriverLibrary/Debug/libInfotronicDriverLibrary.a(Lcd.o)
                0x000000000000075c                Lcd_Init
 .text.Keyboard_Init
                0x0000000000000804       0x54 /Users/alejandro/Documents/MCUXpressoIDE_10.2.0/workspace/InfotronicDriverLibrary/Debug/libInfotronicDriverLibrary.a(Keyboard.o)
                0x0000000000000804                Keyboard_Init
 .text.Heartbeat_Init
                0x0000000000000858       0x26 /Users/alejandro/Documents/MCUXpressoIDE_10.2.0/workspace/InfotronicDriverLibrary/Debug/libInfotronicDriverLibrary.a(Heartbeat.o)
                0x0000000000000858                Heartbeat_Init
 .text.Heartbeat_Update
                0x000000000000087e       0x1a /Users/alejandro/Documents/MCUXpressoIDE_10.2.0/workspace/InfotronicDriverLibrary/Debug/libInfotronicDriverLibrary.a(Heartbeat.o)
                0x000000000000087e                Heartbeat_Update
 .text.DigOut_Init
                0x0000000000000898       0x20 /Users/alejandro/Documents/MCUXpressoIDE_10.2.0/workspace/InfotronicDriverLibrary/Debug/libInfotronicDriverLibrary.a(DigOut.o)
                0x0000000000000898                DigOut_Init
 .text.DigOut_SetState
                0x00000000000008b8       0x28 /Users/alejandro/Documents/MCUXpressoIDE_10.2.0/workspace/InfotronicDriverLibrary/Debug/libInfotronicDriverLibrary.a(DigOut.o)
                0x00000000000008b8                DigOut_SetState
 .text.DigInp_Init
                0x00000000000008e0       0x1c /Users/alejandro/Documents/MCUXpressoIDE_10.2.0/workspace/InfotronicDriverLibrary/Debug/libInfotronicDriverLibrary.a(DigInp.o)
                0x00000000000008e0                DigInp_Init
 .text.DigInp_GetInputState
                0x00000000000008fc       0x20 /Users/alejandro/Documents/MCUXpressoIDE_10.2.0/workspace/InfotronicDriverLibrary/Debug/libInfotronicDriverLibrary.a(DigInp.o)
                0x00000000000008fc                DigInp_GetInputState
 .text.DigInp_Update
                0x000000000000091c       0x90 /Users/alejandro/Documents/MCUXpressoIDE_10.2.0/workspace/InfotronicDriverLibrary/Debug/libInfotronicDriverLibrary.a(DigInp.o)
                0x000000000000091c                DigInp_Update
 .text.Gpio_SetDir
                0x00000000000009ac       0x54 /Users/alejandro/Documents/MCUXpressoIDE_10.2.0/workspace/InfotronicDriverLibrary/Debug/libInfotronicDriverLibrary.a(Gpio.o)
                0x00000000000009ac                Gpio_SetDir
 .text.Gpio_SetPin
                0x0000000000000a00       0x30 /Users/alejandro/Documents/MCUXpressoIDE_10.2.0/workspace/InfotronicDriverLibrary/Debug/libInfotronicDriverLibrary.a(Gpio.o)
                0x0000000000000a00                Gpio_SetPin
 .text.Gpio_ClrPin
                0x0000000000000a30       0x30 /Users/alejandro/Documents/MCUXpressoIDE_10.2.0/workspace/InfotronicDriverLibrary/Debug/libInfotronicDriverLibrary.a(Gpio.o)
                0x0000000000000a30                Gpio_ClrPin
 .text.Gpio_SetPinValue
                0x0000000000000a60       0x38 /Users/alejandro/Documents/MCUXpressoIDE_10.2.0/workspace/InfotronicDriverLibrary/Debug/libInfotronicDriverLibrary.a(Gpio.o)
                0x0000000000000a60                Gpio_SetPinValue
 .text.Gpio_GetPinValue
                0x0000000000000a98       0x30 /Users/alejandro/Documents/MCUXpressoIDE_10.2.0/workspace/InfotronicDriverLibrary/Debug/libInfotronicDriverLibrary.a(Gpio.o)
                0x0000000000000a98                Gpio_GetPinValue
 .text.Gpio_TurnOn
                0x0000000000000ac8       0x24 /Users/alejandro/Documents/MCUXpressoIDE_10.2.0/workspace/InfotronicDriverLibrary/Debug/libInfotronicDriverLibrary.a(Gpio.o)
                0x0000000000000ac8                Gpio_TurnOn
 .text.Gpio_TurnOff
                0x0000000000000aec       0x24 /Users/alejandro/Documents/MCUXpressoIDE_10.2.0/workspace/InfotronicDriverLibrary/Debug/libInfotronicDriverLibrary.a(Gpio.o)
                0x0000000000000aec                Gpio_TurnOff
 .text.Gpio_Init
                0x0000000000000b10       0x40 /Users/alejandro/Documents/MCUXpressoIDE_10.2.0/workspace/InfotronicDriverLibrary/Debug/libInfotronicDriverLibrary.a(Gpio.o)
                0x0000000000000b10                Gpio_Init
 .text.Gpio_GetPinState
                0x0000000000000b50       0x1e /Users/alejandro/Documents/MCUXpressoIDE_10.2.0/workspace/InfotronicDriverLibrary/Debug/libInfotronicDriverLibrary.a(Gpio.o)
                0x0000000000000b50                Gpio_GetPinState
 *fill*         0x0000000000000b6e        0x2 ff
 .text.Pin_SetFunction
                0x0000000000000b70       0x4c /Users/alejandro/Documents/MCUXpressoIDE_10.2.0/workspace/InfotronicDriverLibrary/Debug/libInfotronicDriverLibrary.a(Pin.o)
                0x0000000000000b70                Pin_SetFunction
 .text.Pin_SetResistorMode
                0x0000000000000bbc       0x50 /Users/alejandro/Documents/MCUXpressoIDE_10.2.0/workspace/InfotronicDriverLibrary/Debug/libInfotronicDriverLibrary.a(Pin.o)
                0x0000000000000bbc                Pin_SetResistorMode
 .text.Pin_SetOpenDrainMode
                0x0000000000000c0c       0x54 /Users/alejandro/Documents/MCUXpressoIDE_10.2.0/workspace/InfotronicDriverLibrary/Debug/libInfotronicDriverLibrary.a(Pin.o)
                0x0000000000000c0c                Pin_SetOpenDrainMode
 .text.Pin_Config
                0x0000000000000c60       0x24 /Users/alejandro/Documents/MCUXpressoIDE_10.2.0/workspace/InfotronicDriverLibrary/Debug/libInfotronicDriverLibrary.a(Pin.o)
                0x0000000000000c60                Pin_Config
 .text.StandardKeyboardDriver_Init
                0x0000000000000c84       0x1c /Users/alejandro/Documents/MCUXpressoIDE_10.2.0/workspace/InfotronicDriverLibrary/Debug/libInfotronicDriverLibrary.a(StandardKeyboardDriver.o)
                0x0000000000000c84                StandardKeyboardDriver_Init
 .text.StandardKeyboardDriver_GetMaxKeys
                0x0000000000000ca0        0x4 /Users/alejandro/Documents/MCUXpressoIDE_10.2.0/workspace/InfotronicDriverLibrary/Debug/libInfotronicDriverLibrary.a(StandardKeyboardDriver.o)
                0x0000000000000ca0                StandardKeyboardDriver_GetMaxKeys
 .text.MatrixKeyboardDriver_Init
                0x0000000000000ca4        0x2 /Users/alejandro/Documents/MCUXpressoIDE_10.2.0/workspace/InfotronicDriverLibrary/Debug/libInfotronicDriverLibrary.a(MatrixKeyboardDriver.o)
                0x0000000000000ca4                MatrixKeyboardDriver_Init
 .text.MatrixKeyboardDriver_GetMaxKeys
                0x0000000000000ca6        0x4 /Users/alejandro/Documents/MCUXpressoIDE_10.2.0/workspace/InfotronicDriverLibrary/Debug/libInfotronicDriverLibrary.a(MatrixKeyboardDriver.o)
                0x0000000000000ca6                MatrixKeyboardDriver_GetMaxKeys
 .text.Debug_CheckFailed
                0x0000000000000caa        0x2 /Users/alejandro/Documents/MCUXpressoIDE_10.2.0/workspace/InfotronicDriverLibrary/Debug/libInfotronicDriverLibrary.a(Debug.o)
                0x0000000000000caa                Debug_CheckFailed
 .text.__weak_main
                0x0000000000000cac        0x4 /Applications/MCUXpressoIDE_10.2.0_759/ide/tools/bin/../lib/gcc/arm-none-eabi/7.2.1/../../../../arm-none-eabi/lib/thumb/v7-m/libcr_c.a(__weak__main.o)
                0x0000000000000cac                __main
                0x0000000000000cac                __weak_main
 *(.rodata .rodata.* .constdata .constdata.*)
 .rodata.DigitalOutput
                0x0000000000000cb0       0x14 /Users/alejandro/Documents/MCUXpressoIDE_10.2.0/workspace/InfotronicDriverLibrary/Debug/libInfotronicDriverLibrary.a(DigOut.o)
 .rodata.DigitalInput
                0x0000000000000cc4        0xc /Users/alejandro/Documents/MCUXpressoIDE_10.2.0/workspace/InfotronicDriverLibrary/Debug/libInfotronicDriverLibrary.a(DigInp.o)
 .rodata.Gpio_SetDir.str1.4
                0x0000000000000cd0       0x59 /Users/alejandro/Documents/MCUXpressoIDE_10.2.0/workspace/InfotronicDriverLibrary/Debug/libInfotronicDriverLibrary.a(Gpio.o)
 *fill*         0x0000000000000d29        0x3 ff
 .rodata.Pin_SetFunction.str1.4
                0x0000000000000d2c       0x58 /Users/alejandro/Documents/MCUXpressoIDE_10.2.0/workspace/InfotronicDriverLibrary/Debug/libInfotronicDriverLibrary.a(Pin.o)
 .rodata.Keyboard
                0x0000000000000d84       0x14 /Users/alejandro/Documents/MCUXpressoIDE_10.2.0/workspace/InfotronicDriverLibrary/Debug/libInfotronicDriverLibrary.a(StandardKeyboardDriver.o)
                0x0000000000000d98                . = ALIGN (0x4)

.glue_7         0x0000000000000d98        0x0
 .glue_7        0x0000000000000d98        0x0 linker stubs

.glue_7t        0x0000000000000d98        0x0
 .glue_7t       0x0000000000000d98        0x0 linker stubs

.vfp11_veneer   0x0000000000000d98        0x0
 .vfp11_veneer  0x0000000000000d98        0x0 linker stubs

.v4_bx          0x0000000000000d98        0x0
 .v4_bx         0x0000000000000d98        0x0 linker stubs

.iplt           0x0000000000000d98        0x0
 .iplt          0x0000000000000d98        0x0 ./src/Services/Scheduler/Scheduler.o

.rel.dyn        0x0000000000000d98        0x0
 .rel.iplt      0x0000000000000d98        0x0 ./src/Services/Scheduler/Scheduler.o

.ARM.extab
 *(.ARM.extab* .gnu.linkonce.armextab.*)
                0x0000000000000d98                __exidx_start = .

.ARM.exidx
 *(.ARM.exidx* .gnu.linkonce.armexidx.*)
                0x0000000000000d98                __exidx_end = .
                0x0000000000000d98                _etext = .

.data_RAM2      0x000000002007c000        0x0 load address 0x0000000000000d98
 FILL mask 0xff
                [!provide]                        PROVIDE (__start_data_RAM2, .)
 *(.ramfunc.$RAM2)
 *(.ramfunc.$RamAHB32)
 *(.data.$RAM2*)
 *(.data.$RamAHB32*)
                0x000000002007c000                . = ALIGN (0x4)
                [!provide]                        PROVIDE (__end_data_RAM2, .)

.uninit_RESERVED
                0x0000000010000000        0x0
 *(.bss.$RESERVED*)
                0x0000000010000000                . = ALIGN (0x4)
                0x0000000010000000                _end_uninit_RESERVED = .

.data           0x0000000010000000       0x10 load address 0x0000000000000d98
 FILL mask 0xff
                0x0000000010000000                _data = .
 *(vtable)
 *(.ramfunc*)
 *(.data*)
 .data.SystemCoreClock
                0x0000000010000000        0x4 /Users/alejandro/Documents/MCUXpressoIDE_10.2.0/workspace/ChipDriverLibrary/Debug/libChipDriverLibrary.a(system_LPC17xx.o)
                0x0000000010000000                SystemCoreClock
 .data.debounce.3799
                0x0000000010000004        0xc /Users/alejandro/Documents/MCUXpressoIDE_10.2.0/workspace/InfotronicDriverLibrary/Debug/libInfotronicDriverLibrary.a(DigInp.o)
                0x0000000010000010                . = ALIGN (0x4)
                0x0000000010000010                _edata = .

.igot.plt       0x0000000010000010        0x0 load address 0x0000000000000da8
 .igot.plt      0x0000000010000010        0x0 ./src/Services/Scheduler/Scheduler.o

.bss_RAM2       0x000000002007c000        0x0
                [!provide]                        PROVIDE (__start_bss_RAM2, .)
 *(.bss.$RAM2*)
 *(.bss.$RamAHB32*)
                0x000000002007c000                . = ALIGN ((. != 0x0)?0x4:0x1)
                [!provide]                        PROVIDE (__end_bss_RAM2, .)

.bss            0x0000000010000010       0xa4
                0x0000000010000010                _bss = .
 *(.bss*)
 .bss.Scheduler
                0x0000000010000010       0x78 ./src/Services/Scheduler/Scheduler.o
 .bss.TaskIdx   0x0000000010000088        0x4 ./src/Services/Scheduler/Scheduler.o
 .bss.ProcessTheDispatcher
                0x000000001000008c        0x4 ./src/Services/Scheduler/Scheduler.o
 .bss.SchedulerPeriod
                0x0000000010000090        0x4 ./src/Services/Scheduler/Scheduler.o
 .bss.tick      0x0000000010000094        0xc ./src/main.o
 .bss.i.4007    0x00000000100000a0        0x4 ./src/main.o
 .bss.Lcd       0x00000000100000a4        0x6 /Users/alejandro/Documents/MCUXpressoIDE_10.2.0/workspace/InfotronicDriverLibrary/Debug/libInfotronicDriverLibrary.a(Lcd.o)
 .bss.DriverSelected
                0x00000000100000aa        0x1 /Users/alejandro/Documents/MCUXpressoIDE_10.2.0/workspace/InfotronicDriverLibrary/Debug/libInfotronicDriverLibrary.a(Keyboard.o)
 .bss.KeyboardMaxKeys
                0x00000000100000ab        0x1 /Users/alejandro/Documents/MCUXpressoIDE_10.2.0/workspace/InfotronicDriverLibrary/Debug/libInfotronicDriverLibrary.a(Keyboard.o)
 .bss.DigitalInputState
                0x00000000100000ac        0x4 /Users/alejandro/Documents/MCUXpressoIDE_10.2.0/workspace/InfotronicDriverLibrary/Debug/libInfotronicDriverLibrary.a(DigInp.o)
 .bss.diLastState.3798
                0x00000000100000b0        0x4 /Users/alejandro/Documents/MCUXpressoIDE_10.2.0/workspace/InfotronicDriverLibrary/Debug/libInfotronicDriverLibrary.a(DigInp.o)
 *(COMMON)
                0x00000000100000b4                . = ALIGN (0x4)
                0x00000000100000b4                _ebss = .
                [!provide]                        PROVIDE (end, .)

.noinit_RAM2    0x000000002007c000        0x0
 *(.noinit.$RAM2*)
 *(.noinit.$RamAHB32*)
                0x000000002007c000                . = ALIGN (0x4)

.noinit         0x00000000100000b4        0x0
                0x00000000100000b4                _noinit = .
 *(.noinit*)
                0x00000000100000b4                . = ALIGN (0x4)
                0x00000000100000b4                _end_noinit = .
                0x00000000100000b4                PROVIDE (_pvHeapStart, DEFINED (__user_heap_base)?__user_heap_base:.)
                0x0000000010008000                PROVIDE (_vStackTop, DEFINED (__user_stack_top)?__user_stack_top:(__top_RamLoc32 - 0x0))
                0xffffffffefff74f2                PROVIDE (__valid_user_code_checksum, (0x0 - ((((((_vStackTop + (ResetISR + 0x1)) + (NMI_Handler + 0x1)) + (HardFault_Handler + 0x1)) + (DEFINED (MemManage_Handler)?MemManage_Handler:0x0 + 0x1)) + (DEFINED (BusFault_Handler)?BusFault_Handler:0x0 + 0x1)) + (DEFINED (UsageFault_Handler)?UsageFault_Handler:0x0 + 0x1))))
                0x0000000000000000                _image_start = LOADADDR (.text)
                0x0000000000000da8                _image_end = (LOADADDR (.data) + SIZEOF (.data))
                0x0000000000000da8                _image_size = (_image_end - _image_start)
OUTPUT(TPL1_v2.axf elf32-littlearm)

.debug_info     0x0000000000000000     0x3917
 .debug_info    0x0000000000000000      0x21c ./src/Services/Scheduler/Scheduler.o
 .debug_info    0x000000000000021c      0x255 ./src/cr_startup_lpc175x_6x.o
 .debug_info    0x0000000000000471       0x3f ./src/crp.o
 .debug_info    0x00000000000004b0      0x187 ./src/main.o
 .debug_info    0x0000000000000637      0x14b /Users/alejandro/Documents/MCUXpressoIDE_10.2.0/workspace/ChipDriverLibrary/Debug/libChipDriverLibrary.a(SysTick.o)
 .debug_info    0x0000000000000782       0xf7 /Users/alejandro/Documents/MCUXpressoIDE_10.2.0/workspace/ChipDriverLibrary/Debug/libChipDriverLibrary.a(system_LPC17xx.o)
 .debug_info    0x0000000000000879     0x15b1 /Users/alejandro/Documents/MCUXpressoIDE_10.2.0/workspace/InfotronicDriverLibrary/Debug/libInfotronicDriverLibrary.a(Lcd.o)
 .debug_info    0x0000000000001e2a      0x2be /Users/alejandro/Documents/MCUXpressoIDE_10.2.0/workspace/InfotronicDriverLibrary/Debug/libInfotronicDriverLibrary.a(Keyboard.o)
 .debug_info    0x00000000000020e8      0x23c /Users/alejandro/Documents/MCUXpressoIDE_10.2.0/workspace/InfotronicDriverLibrary/Debug/libInfotronicDriverLibrary.a(Heartbeat.o)
 .debug_info    0x0000000000002324      0x265 /Users/alejandro/Documents/MCUXpressoIDE_10.2.0/workspace/InfotronicDriverLibrary/Debug/libInfotronicDriverLibrary.a(DigOut.o)
 .debug_info    0x0000000000002589      0x315 /Users/alejandro/Documents/MCUXpressoIDE_10.2.0/workspace/InfotronicDriverLibrary/Debug/libInfotronicDriverLibrary.a(DigInp.o)
 .debug_info    0x000000000000289e      0x627 /Users/alejandro/Documents/MCUXpressoIDE_10.2.0/workspace/InfotronicDriverLibrary/Debug/libInfotronicDriverLibrary.a(Gpio.o)
 .debug_info    0x0000000000002ec5      0x455 /Users/alejandro/Documents/MCUXpressoIDE_10.2.0/workspace/InfotronicDriverLibrary/Debug/libInfotronicDriverLibrary.a(Pin.o)
 .debug_info    0x000000000000331a      0x2e6 /Users/alejandro/Documents/MCUXpressoIDE_10.2.0/workspace/InfotronicDriverLibrary/Debug/libInfotronicDriverLibrary.a(StandardKeyboardDriver.o)
 .debug_info    0x0000000000003600      0x245 /Users/alejandro/Documents/MCUXpressoIDE_10.2.0/workspace/InfotronicDriverLibrary/Debug/libInfotronicDriverLibrary.a(MatrixKeyboardDriver.o)
 .debug_info    0x0000000000003845       0xd2 /Users/alejandro/Documents/MCUXpressoIDE_10.2.0/workspace/InfotronicDriverLibrary/Debug/libInfotronicDriverLibrary.a(Debug.o)

.debug_abbrev   0x0000000000000000     0x1244
 .debug_abbrev  0x0000000000000000      0x140 ./src/Services/Scheduler/Scheduler.o
 .debug_abbrev  0x0000000000000140      0x114 ./src/cr_startup_lpc175x_6x.o
 .debug_abbrev  0x0000000000000254       0x36 ./src/crp.o
 .debug_abbrev  0x000000000000028a      0x133 ./src/main.o
 .debug_abbrev  0x00000000000003bd       0xe7 /Users/alejandro/Documents/MCUXpressoIDE_10.2.0/workspace/ChipDriverLibrary/Debug/libChipDriverLibrary.a(SysTick.o)
 .debug_abbrev  0x00000000000004a4       0xa6 /Users/alejandro/Documents/MCUXpressoIDE_10.2.0/workspace/ChipDriverLibrary/Debug/libChipDriverLibrary.a(system_LPC17xx.o)
 .debug_abbrev  0x000000000000054a      0x2c2 /Users/alejandro/Documents/MCUXpressoIDE_10.2.0/workspace/InfotronicDriverLibrary/Debug/libInfotronicDriverLibrary.a(Lcd.o)
 .debug_abbrev  0x000000000000080c       0xfa /Users/alejandro/Documents/MCUXpressoIDE_10.2.0/workspace/InfotronicDriverLibrary/Debug/libInfotronicDriverLibrary.a(Keyboard.o)
 .debug_abbrev  0x0000000000000906       0xfd /Users/alejandro/Documents/MCUXpressoIDE_10.2.0/workspace/InfotronicDriverLibrary/Debug/libInfotronicDriverLibrary.a(Heartbeat.o)
 .debug_abbrev  0x0000000000000a03      0x127 /Users/alejandro/Documents/MCUXpressoIDE_10.2.0/workspace/InfotronicDriverLibrary/Debug/libInfotronicDriverLibrary.a(DigOut.o)
 .debug_abbrev  0x0000000000000b2a      0x147 /Users/alejandro/Documents/MCUXpressoIDE_10.2.0/workspace/InfotronicDriverLibrary/Debug/libInfotronicDriverLibrary.a(DigInp.o)
 .debug_abbrev  0x0000000000000c71      0x1a8 /Users/alejandro/Documents/MCUXpressoIDE_10.2.0/workspace/InfotronicDriverLibrary/Debug/libInfotronicDriverLibrary.a(Gpio.o)
 .debug_abbrev  0x0000000000000e19      0x15d /Users/alejandro/Documents/MCUXpressoIDE_10.2.0/workspace/InfotronicDriverLibrary/Debug/libInfotronicDriverLibrary.a(Pin.o)
 .debug_abbrev  0x0000000000000f76      0x12d /Users/alejandro/Documents/MCUXpressoIDE_10.2.0/workspace/InfotronicDriverLibrary/Debug/libInfotronicDriverLibrary.a(StandardKeyboardDriver.o)
 .debug_abbrev  0x00000000000010a3      0x135 /Users/alejandro/Documents/MCUXpressoIDE_10.2.0/workspace/InfotronicDriverLibrary/Debug/libInfotronicDriverLibrary.a(MatrixKeyboardDriver.o)
 .debug_abbrev  0x00000000000011d8       0x6c /Users/alejandro/Documents/MCUXpressoIDE_10.2.0/workspace/InfotronicDriverLibrary/Debug/libInfotronicDriverLibrary.a(Debug.o)

.debug_aranges  0x0000000000000000      0x398
 .debug_aranges
                0x0000000000000000       0x48 ./src/Services/Scheduler/Scheduler.o
 .debug_aranges
                0x0000000000000048       0x80 ./src/cr_startup_lpc175x_6x.o
 .debug_aranges
                0x00000000000000c8       0x18 ./src/crp.o
 .debug_aranges
                0x00000000000000e0       0x30 ./src/main.o
 .debug_aranges
                0x0000000000000110       0x20 /Users/alejandro/Documents/MCUXpressoIDE_10.2.0/workspace/ChipDriverLibrary/Debug/libChipDriverLibrary.a(SysTick.o)
 .debug_aranges
                0x0000000000000130       0x20 /Users/alejandro/Documents/MCUXpressoIDE_10.2.0/workspace/ChipDriverLibrary/Debug/libChipDriverLibrary.a(system_LPC17xx.o)
 .debug_aranges
                0x0000000000000150       0x60 /Users/alejandro/Documents/MCUXpressoIDE_10.2.0/workspace/InfotronicDriverLibrary/Debug/libInfotronicDriverLibrary.a(Lcd.o)
 .debug_aranges
                0x00000000000001b0       0x40 /Users/alejandro/Documents/MCUXpressoIDE_10.2.0/workspace/InfotronicDriverLibrary/Debug/libInfotronicDriverLibrary.a(Keyboard.o)
 .debug_aranges
                0x00000000000001f0       0x28 /Users/alejandro/Documents/MCUXpressoIDE_10.2.0/workspace/InfotronicDriverLibrary/Debug/libInfotronicDriverLibrary.a(Heartbeat.o)
 .debug_aranges
                0x0000000000000218       0x28 /Users/alejandro/Documents/MCUXpressoIDE_10.2.0/workspace/InfotronicDriverLibrary/Debug/libInfotronicDriverLibrary.a(DigOut.o)
 .debug_aranges
                0x0000000000000240       0x30 /Users/alejandro/Documents/MCUXpressoIDE_10.2.0/workspace/InfotronicDriverLibrary/Debug/libInfotronicDriverLibrary.a(DigInp.o)
 .debug_aranges
                0x0000000000000270       0x60 /Users/alejandro/Documents/MCUXpressoIDE_10.2.0/workspace/InfotronicDriverLibrary/Debug/libInfotronicDriverLibrary.a(Gpio.o)
 .debug_aranges
                0x00000000000002d0       0x38 /Users/alejandro/Documents/MCUXpressoIDE_10.2.0/workspace/InfotronicDriverLibrary/Debug/libInfotronicDriverLibrary.a(Pin.o)
 .debug_aranges
                0x0000000000000308       0x38 /Users/alejandro/Documents/MCUXpressoIDE_10.2.0/workspace/InfotronicDriverLibrary/Debug/libInfotronicDriverLibrary.a(StandardKeyboardDriver.o)
 .debug_aranges
                0x0000000000000340       0x38 /Users/alejandro/Documents/MCUXpressoIDE_10.2.0/workspace/InfotronicDriverLibrary/Debug/libInfotronicDriverLibrary.a(MatrixKeyboardDriver.o)
 .debug_aranges
                0x0000000000000378       0x20 /Users/alejandro/Documents/MCUXpressoIDE_10.2.0/workspace/InfotronicDriverLibrary/Debug/libInfotronicDriverLibrary.a(Debug.o)

.debug_ranges   0x0000000000000000      0x2a8
 .debug_ranges  0x0000000000000000       0x38 ./src/Services/Scheduler/Scheduler.o
 .debug_ranges  0x0000000000000038       0x70 ./src/cr_startup_lpc175x_6x.o
 .debug_ranges  0x00000000000000a8       0x20 ./src/main.o
 .debug_ranges  0x00000000000000c8       0x10 /Users/alejandro/Documents/MCUXpressoIDE_10.2.0/workspace/ChipDriverLibrary/Debug/libChipDriverLibrary.a(SysTick.o)
 .debug_ranges  0x00000000000000d8       0x10 /Users/alejandro/Documents/MCUXpressoIDE_10.2.0/workspace/ChipDriverLibrary/Debug/libChipDriverLibrary.a(system_LPC17xx.o)
 .debug_ranges  0x00000000000000e8       0x68 /Users/alejandro/Documents/MCUXpressoIDE_10.2.0/workspace/InfotronicDriverLibrary/Debug/libInfotronicDriverLibrary.a(Lcd.o)
 .debug_ranges  0x0000000000000150       0x30 /Users/alejandro/Documents/MCUXpressoIDE_10.2.0/workspace/InfotronicDriverLibrary/Debug/libInfotronicDriverLibrary.a(Keyboard.o)
 .debug_ranges  0x0000000000000180       0x18 /Users/alejandro/Documents/MCUXpressoIDE_10.2.0/workspace/InfotronicDriverLibrary/Debug/libInfotronicDriverLibrary.a(Heartbeat.o)
 .debug_ranges  0x0000000000000198       0x18 /Users/alejandro/Documents/MCUXpressoIDE_10.2.0/workspace/InfotronicDriverLibrary/Debug/libInfotronicDriverLibrary.a(DigOut.o)
 .debug_ranges  0x00000000000001b0       0x20 /Users/alejandro/Documents/MCUXpressoIDE_10.2.0/workspace/InfotronicDriverLibrary/Debug/libInfotronicDriverLibrary.a(DigInp.o)
 .debug_ranges  0x00000000000001d0       0x50 /Users/alejandro/Documents/MCUXpressoIDE_10.2.0/workspace/InfotronicDriverLibrary/Debug/libInfotronicDriverLibrary.a(Gpio.o)
 .debug_ranges  0x0000000000000220       0x28 /Users/alejandro/Documents/MCUXpressoIDE_10.2.0/workspace/InfotronicDriverLibrary/Debug/libInfotronicDriverLibrary.a(Pin.o)
 .debug_ranges  0x0000000000000248       0x28 /Users/alejandro/Documents/MCUXpressoIDE_10.2.0/workspace/InfotronicDriverLibrary/Debug/libInfotronicDriverLibrary.a(StandardKeyboardDriver.o)
 .debug_ranges  0x0000000000000270       0x28 /Users/alejandro/Documents/MCUXpressoIDE_10.2.0/workspace/InfotronicDriverLibrary/Debug/libInfotronicDriverLibrary.a(MatrixKeyboardDriver.o)
 .debug_ranges  0x0000000000000298       0x10 /Users/alejandro/Documents/MCUXpressoIDE_10.2.0/workspace/InfotronicDriverLibrary/Debug/libInfotronicDriverLibrary.a(Debug.o)

.debug_macro    0x0000000000000000     0x5bcd
 .debug_macro   0x0000000000000000       0x6e ./src/Services/Scheduler/Scheduler.o
 .debug_macro   0x000000000000006e      0xa6c ./src/Services/Scheduler/Scheduler.o
 .debug_macro   0x0000000000000ada       0x10 ./src/Services/Scheduler/Scheduler.o
 .debug_macro   0x0000000000000aea      0x12d ./src/Services/Scheduler/Scheduler.o
 .debug_macro   0x0000000000000c17      0x5b2 ./src/Services/Scheduler/Scheduler.o
 .debug_macro   0x00000000000011c9       0x22 ./src/Services/Scheduler/Scheduler.o
 .debug_macro   0x00000000000011eb       0xd6 ./src/Services/Scheduler/Scheduler.o
 .debug_macro   0x00000000000012c1       0x1d ./src/cr_startup_lpc175x_6x.o
 .debug_macro   0x00000000000012de       0x1a ./src/crp.o
 .debug_macro   0x00000000000012f8       0x34 ./src/crp.o
 .debug_macro   0x000000000000132c       0xcd ./src/main.o
 .debug_macro   0x00000000000013f9       0x82 ./src/main.o
 .debug_macro   0x000000000000147b       0x5e ./src/main.o
 .debug_macro   0x00000000000014d9      0x106 ./src/main.o
 .debug_macro   0x00000000000015df       0x16 ./src/main.o
 .debug_macro   0x00000000000015f5      0x18a ./src/main.o
 .debug_macro   0x000000000000177f       0xdc ./src/main.o
 .debug_macro   0x000000000000185b       0x1c ./src/main.o
 .debug_macro   0x0000000000001877       0x1c ./src/main.o
 .debug_macro   0x0000000000001893       0x9e /Users/alejandro/Documents/MCUXpressoIDE_10.2.0/workspace/ChipDriverLibrary/Debug/libChipDriverLibrary.a(SysTick.o)
 .debug_macro   0x0000000000001931      0xa66 /Users/alejandro/Documents/MCUXpressoIDE_10.2.0/workspace/ChipDriverLibrary/Debug/libChipDriverLibrary.a(SysTick.o)
 .debug_macro   0x0000000000002397       0x16 /Users/alejandro/Documents/MCUXpressoIDE_10.2.0/workspace/ChipDriverLibrary/Debug/libChipDriverLibrary.a(SysTick.o)
 .debug_macro   0x00000000000023ad       0x3a /Users/alejandro/Documents/MCUXpressoIDE_10.2.0/workspace/ChipDriverLibrary/Debug/libChipDriverLibrary.a(SysTick.o)
 .debug_macro   0x00000000000023e7       0x2d /Users/alejandro/Documents/MCUXpressoIDE_10.2.0/workspace/ChipDriverLibrary/Debug/libChipDriverLibrary.a(SysTick.o)
 .debug_macro   0x0000000000002414      0xbb1 /Users/alejandro/Documents/MCUXpressoIDE_10.2.0/workspace/ChipDriverLibrary/Debug/libChipDriverLibrary.a(SysTick.o)
 .debug_macro   0x0000000000002fc5       0x10 /Users/alejandro/Documents/MCUXpressoIDE_10.2.0/workspace/ChipDriverLibrary/Debug/libChipDriverLibrary.a(SysTick.o)
 .debug_macro   0x0000000000002fd5      0x253 /Users/alejandro/Documents/MCUXpressoIDE_10.2.0/workspace/ChipDriverLibrary/Debug/libChipDriverLibrary.a(SysTick.o)
 .debug_macro   0x0000000000003228      0x1a5 /Users/alejandro/Documents/MCUXpressoIDE_10.2.0/workspace/ChipDriverLibrary/Debug/libChipDriverLibrary.a(system_LPC17xx.o)
 .debug_macro   0x00000000000033cd      0x2c9 /Users/alejandro/Documents/MCUXpressoIDE_10.2.0/workspace/InfotronicDriverLibrary/Debug/libInfotronicDriverLibrary.a(Lcd.o)
 .debug_macro   0x0000000000003696      0xa66 /Users/alejandro/Documents/MCUXpressoIDE_10.2.0/workspace/InfotronicDriverLibrary/Debug/libInfotronicDriverLibrary.a(Lcd.o)
 .debug_macro   0x00000000000040fc      0x148 /Users/alejandro/Documents/MCUXpressoIDE_10.2.0/workspace/InfotronicDriverLibrary/Debug/libInfotronicDriverLibrary.a(Lcd.o)
 .debug_macro   0x0000000000004244       0x22 /Users/alejandro/Documents/MCUXpressoIDE_10.2.0/workspace/InfotronicDriverLibrary/Debug/libInfotronicDriverLibrary.a(Lcd.o)
 .debug_macro   0x0000000000004266       0x4f /Users/alejandro/Documents/MCUXpressoIDE_10.2.0/workspace/InfotronicDriverLibrary/Debug/libInfotronicDriverLibrary.a(Lcd.o)
 .debug_macro   0x00000000000042b5       0x51 /Users/alejandro/Documents/MCUXpressoIDE_10.2.0/workspace/InfotronicDriverLibrary/Debug/libInfotronicDriverLibrary.a(Lcd.o)
 .debug_macro   0x0000000000004306       0xef /Users/alejandro/Documents/MCUXpressoIDE_10.2.0/workspace/InfotronicDriverLibrary/Debug/libInfotronicDriverLibrary.a(Lcd.o)
 .debug_macro   0x00000000000043f5       0x6a /Users/alejandro/Documents/MCUXpressoIDE_10.2.0/workspace/InfotronicDriverLibrary/Debug/libInfotronicDriverLibrary.a(Lcd.o)
 .debug_macro   0x000000000000445f      0x1df /Users/alejandro/Documents/MCUXpressoIDE_10.2.0/workspace/InfotronicDriverLibrary/Debug/libInfotronicDriverLibrary.a(Lcd.o)
 .debug_macro   0x000000000000463e       0x22 /Users/alejandro/Documents/MCUXpressoIDE_10.2.0/workspace/InfotronicDriverLibrary/Debug/libInfotronicDriverLibrary.a(Lcd.o)
 .debug_macro   0x0000000000004660       0x58 /Users/alejandro/Documents/MCUXpressoIDE_10.2.0/workspace/InfotronicDriverLibrary/Debug/libInfotronicDriverLibrary.a(Lcd.o)
 .debug_macro   0x00000000000046b8       0x17 /Users/alejandro/Documents/MCUXpressoIDE_10.2.0/workspace/InfotronicDriverLibrary/Debug/libInfotronicDriverLibrary.a(Lcd.o)
 .debug_macro   0x00000000000046cf       0x35 /Users/alejandro/Documents/MCUXpressoIDE_10.2.0/workspace/InfotronicDriverLibrary/Debug/libInfotronicDriverLibrary.a(Lcd.o)
 .debug_macro   0x0000000000004704       0x9c /Users/alejandro/Documents/MCUXpressoIDE_10.2.0/workspace/InfotronicDriverLibrary/Debug/libInfotronicDriverLibrary.a(Lcd.o)
 .debug_macro   0x00000000000047a0       0x16 /Users/alejandro/Documents/MCUXpressoIDE_10.2.0/workspace/InfotronicDriverLibrary/Debug/libInfotronicDriverLibrary.a(Lcd.o)
 .debug_macro   0x00000000000047b6       0x97 /Users/alejandro/Documents/MCUXpressoIDE_10.2.0/workspace/InfotronicDriverLibrary/Debug/libInfotronicDriverLibrary.a(Lcd.o)
 .debug_macro   0x000000000000484d      0x330 /Users/alejandro/Documents/MCUXpressoIDE_10.2.0/workspace/InfotronicDriverLibrary/Debug/libInfotronicDriverLibrary.a(Lcd.o)
 .debug_macro   0x0000000000004b7d       0xfd /Users/alejandro/Documents/MCUXpressoIDE_10.2.0/workspace/InfotronicDriverLibrary/Debug/libInfotronicDriverLibrary.a(Lcd.o)
 .debug_macro   0x0000000000004c7a       0x10 /Users/alejandro/Documents/MCUXpressoIDE_10.2.0/workspace/InfotronicDriverLibrary/Debug/libInfotronicDriverLibrary.a(Lcd.o)
 .debug_macro   0x0000000000004c8a       0x58 /Users/alejandro/Documents/MCUXpressoIDE_10.2.0/workspace/InfotronicDriverLibrary/Debug/libInfotronicDriverLibrary.a(Lcd.o)
 .debug_macro   0x0000000000004ce2       0x1f /Users/alejandro/Documents/MCUXpressoIDE_10.2.0/workspace/InfotronicDriverLibrary/Debug/libInfotronicDriverLibrary.a(Lcd.o)
 .debug_macro   0x0000000000004d01       0x43 /Users/alejandro/Documents/MCUXpressoIDE_10.2.0/workspace/InfotronicDriverLibrary/Debug/libInfotronicDriverLibrary.a(Lcd.o)
 .debug_macro   0x0000000000004d44       0x20 /Users/alejandro/Documents/MCUXpressoIDE_10.2.0/workspace/InfotronicDriverLibrary/Debug/libInfotronicDriverLibrary.a(Lcd.o)
 .debug_macro   0x0000000000004d64      0x18e /Users/alejandro/Documents/MCUXpressoIDE_10.2.0/workspace/InfotronicDriverLibrary/Debug/libInfotronicDriverLibrary.a(Lcd.o)
 .debug_macro   0x0000000000004ef2       0x10 /Users/alejandro/Documents/MCUXpressoIDE_10.2.0/workspace/InfotronicDriverLibrary/Debug/libInfotronicDriverLibrary.a(Lcd.o)
 .debug_macro   0x0000000000004f02       0xb6 /Users/alejandro/Documents/MCUXpressoIDE_10.2.0/workspace/InfotronicDriverLibrary/Debug/libInfotronicDriverLibrary.a(Lcd.o)
 .debug_macro   0x0000000000004fb8       0x16 /Users/alejandro/Documents/MCUXpressoIDE_10.2.0/workspace/InfotronicDriverLibrary/Debug/libInfotronicDriverLibrary.a(Lcd.o)
 .debug_macro   0x0000000000004fce      0x129 /Users/alejandro/Documents/MCUXpressoIDE_10.2.0/workspace/InfotronicDriverLibrary/Debug/libInfotronicDriverLibrary.a(Lcd.o)
 .debug_macro   0x00000000000050f7       0x16 /Users/alejandro/Documents/MCUXpressoIDE_10.2.0/workspace/InfotronicDriverLibrary/Debug/libInfotronicDriverLibrary.a(Lcd.o)
 .debug_macro   0x000000000000510d       0x35 /Users/alejandro/Documents/MCUXpressoIDE_10.2.0/workspace/InfotronicDriverLibrary/Debug/libInfotronicDriverLibrary.a(Lcd.o)
 .debug_macro   0x0000000000005142       0x22 /Users/alejandro/Documents/MCUXpressoIDE_10.2.0/workspace/InfotronicDriverLibrary/Debug/libInfotronicDriverLibrary.a(Lcd.o)
 .debug_macro   0x0000000000005164       0x52 /Users/alejandro/Documents/MCUXpressoIDE_10.2.0/workspace/InfotronicDriverLibrary/Debug/libInfotronicDriverLibrary.a(Lcd.o)
 .debug_macro   0x00000000000051b6       0xb9 /Users/alejandro/Documents/MCUXpressoIDE_10.2.0/workspace/InfotronicDriverLibrary/Debug/libInfotronicDriverLibrary.a(Keyboard.o)
 .debug_macro   0x000000000000526f       0x16 /Users/alejandro/Documents/MCUXpressoIDE_10.2.0/workspace/InfotronicDriverLibrary/Debug/libInfotronicDriverLibrary.a(Keyboard.o)
 .debug_macro   0x0000000000005285       0x64 /Users/alejandro/Documents/MCUXpressoIDE_10.2.0/workspace/InfotronicDriverLibrary/Debug/libInfotronicDriverLibrary.a(Keyboard.o)
 .debug_macro   0x00000000000052e9       0xa6 /Users/alejandro/Documents/MCUXpressoIDE_10.2.0/workspace/InfotronicDriverLibrary/Debug/libInfotronicDriverLibrary.a(Heartbeat.o)
 .debug_macro   0x000000000000538f       0x1c /Users/alejandro/Documents/MCUXpressoIDE_10.2.0/workspace/InfotronicDriverLibrary/Debug/libInfotronicDriverLibrary.a(Heartbeat.o)
 .debug_macro   0x00000000000053ab       0xb2 /Users/alejandro/Documents/MCUXpressoIDE_10.2.0/workspace/InfotronicDriverLibrary/Debug/libInfotronicDriverLibrary.a(DigOut.o)
 .debug_macro   0x000000000000545d       0x34 /Users/alejandro/Documents/MCUXpressoIDE_10.2.0/workspace/InfotronicDriverLibrary/Debug/libInfotronicDriverLibrary.a(DigOut.o)
 .debug_macro   0x0000000000005491       0xaf /Users/alejandro/Documents/MCUXpressoIDE_10.2.0/workspace/InfotronicDriverLibrary/Debug/libInfotronicDriverLibrary.a(DigInp.o)
 .debug_macro   0x0000000000005540       0x28 /Users/alejandro/Documents/MCUXpressoIDE_10.2.0/workspace/InfotronicDriverLibrary/Debug/libInfotronicDriverLibrary.a(DigInp.o)
 .debug_macro   0x0000000000005568       0xe5 /Users/alejandro/Documents/MCUXpressoIDE_10.2.0/workspace/InfotronicDriverLibrary/Debug/libInfotronicDriverLibrary.a(Gpio.o)
 .debug_macro   0x000000000000564d       0xce /Users/alejandro/Documents/MCUXpressoIDE_10.2.0/workspace/InfotronicDriverLibrary/Debug/libInfotronicDriverLibrary.a(Pin.o)
 .debug_macro   0x000000000000571b       0x16 /Users/alejandro/Documents/MCUXpressoIDE_10.2.0/workspace/InfotronicDriverLibrary/Debug/libInfotronicDriverLibrary.a(Pin.o)
 .debug_macro   0x0000000000005731      0x253 /Users/alejandro/Documents/MCUXpressoIDE_10.2.0/workspace/InfotronicDriverLibrary/Debug/libInfotronicDriverLibrary.a(Pin.o)
 .debug_macro   0x0000000000005984       0xb5 /Users/alejandro/Documents/MCUXpressoIDE_10.2.0/workspace/InfotronicDriverLibrary/Debug/libInfotronicDriverLibrary.a(StandardKeyboardDriver.o)
 .debug_macro   0x0000000000005a39       0x34 /Users/alejandro/Documents/MCUXpressoIDE_10.2.0/workspace/InfotronicDriverLibrary/Debug/libInfotronicDriverLibrary.a(StandardKeyboardDriver.o)
 .debug_macro   0x0000000000005a6d       0xdd /Users/alejandro/Documents/MCUXpressoIDE_10.2.0/workspace/InfotronicDriverLibrary/Debug/libInfotronicDriverLibrary.a(MatrixKeyboardDriver.o)
 .debug_macro   0x0000000000005b4a       0x10 /Users/alejandro/Documents/MCUXpressoIDE_10.2.0/workspace/InfotronicDriverLibrary/Debug/libInfotronicDriverLibrary.a(MatrixKeyboardDriver.o)
 .debug_macro   0x0000000000005b5a       0x73 /Users/alejandro/Documents/MCUXpressoIDE_10.2.0/workspace/InfotronicDriverLibrary/Debug/libInfotronicDriverLibrary.a(Debug.o)

.debug_line     0x0000000000000000     0x2eca
 .debug_line    0x0000000000000000      0x276 ./src/Services/Scheduler/Scheduler.o
 .debug_line    0x0000000000000276       0xd2 ./src/cr_startup_lpc175x_6x.o
 .debug_line    0x0000000000000348       0x7c ./src/crp.o
 .debug_line    0x00000000000003c4      0x357 ./src/main.o
 .debug_line    0x000000000000071b      0x1c9 /Users/alejandro/Documents/MCUXpressoIDE_10.2.0/workspace/ChipDriverLibrary/Debug/libChipDriverLibrary.a(SysTick.o)
 .debug_line    0x00000000000008e4      0x20f /Users/alejandro/Documents/MCUXpressoIDE_10.2.0/workspace/ChipDriverLibrary/Debug/libChipDriverLibrary.a(system_LPC17xx.o)
 .debug_line    0x0000000000000af3      0x5c7 /Users/alejandro/Documents/MCUXpressoIDE_10.2.0/workspace/InfotronicDriverLibrary/Debug/libInfotronicDriverLibrary.a(Lcd.o)
 .debug_line    0x00000000000010ba      0x46b /Users/alejandro/Documents/MCUXpressoIDE_10.2.0/workspace/InfotronicDriverLibrary/Debug/libInfotronicDriverLibrary.a(Keyboard.o)
 .debug_line    0x0000000000001525      0x2e0 /Users/alejandro/Documents/MCUXpressoIDE_10.2.0/workspace/InfotronicDriverLibrary/Debug/libInfotronicDriverLibrary.a(Heartbeat.o)
 .debug_line    0x0000000000001805      0x2f2 /Users/alejandro/Documents/MCUXpressoIDE_10.2.0/workspace/InfotronicDriverLibrary/Debug/libInfotronicDriverLibrary.a(DigOut.o)
 .debug_line    0x0000000000001af7      0x32e /Users/alejandro/Documents/MCUXpressoIDE_10.2.0/workspace/InfotronicDriverLibrary/Debug/libInfotronicDriverLibrary.a(DigInp.o)
 .debug_line    0x0000000000001e25      0x3ff /Users/alejandro/Documents/MCUXpressoIDE_10.2.0/workspace/InfotronicDriverLibrary/Debug/libInfotronicDriverLibrary.a(Gpio.o)
 .debug_line    0x0000000000002224      0x359 /Users/alejandro/Documents/MCUXpressoIDE_10.2.0/workspace/InfotronicDriverLibrary/Debug/libInfotronicDriverLibrary.a(Pin.o)
 .debug_line    0x000000000000257d      0x382 /Users/alejandro/Documents/MCUXpressoIDE_10.2.0/workspace/InfotronicDriverLibrary/Debug/libInfotronicDriverLibrary.a(StandardKeyboardDriver.o)
 .debug_line    0x00000000000028ff      0x362 /Users/alejandro/Documents/MCUXpressoIDE_10.2.0/workspace/InfotronicDriverLibrary/Debug/libInfotronicDriverLibrary.a(MatrixKeyboardDriver.o)
 .debug_line    0x0000000000002c61      0x269 /Users/alejandro/Documents/MCUXpressoIDE_10.2.0/workspace/InfotronicDriverLibrary/Debug/libInfotronicDriverLibrary.a(Debug.o)

.debug_str      0x0000000000000000    0x115af
 .debug_str     0x0000000000000000     0x46c3 ./src/Services/Scheduler/Scheduler.o
                                       0x474b (size before relaxing)
 .debug_str     0x00000000000046c3      0x1c6 ./src/cr_startup_lpc175x_6x.o
                                       0x2ee7 (size before relaxing)
 .debug_str     0x0000000000004889       0xe9 ./src/crp.o
                                       0x2df4 (size before relaxing)
 .debug_str     0x0000000000004972     0x11d3 ./src/main.o
                                       0x57ac (size before relaxing)
 .debug_str     0x0000000000005b45     0x551b /Users/alejandro/Documents/MCUXpressoIDE_10.2.0/workspace/ChipDriverLibrary/Debug/libChipDriverLibrary.a(SysTick.o)
                                       0x99f2 (size before relaxing)
 .debug_str     0x000000000000b060      0x57d /Users/alejandro/Documents/MCUXpressoIDE_10.2.0/workspace/ChipDriverLibrary/Debug/libChipDriverLibrary.a(system_LPC17xx.o)
                                       0x9f37 (size before relaxing)
 .debug_str     0x000000000000b5dd     0x5315 /Users/alejandro/Documents/MCUXpressoIDE_10.2.0/workspace/InfotronicDriverLibrary/Debug/libInfotronicDriverLibrary.a(Lcd.o)
                                       0x9039 (size before relaxing)
 .debug_str     0x00000000000108f2      0x1ec /Users/alejandro/Documents/MCUXpressoIDE_10.2.0/workspace/InfotronicDriverLibrary/Debug/libInfotronicDriverLibrary.a(Keyboard.o)
                                       0x4529 (size before relaxing)
 .debug_str     0x0000000000010ade      0x120 /Users/alejandro/Documents/MCUXpressoIDE_10.2.0/workspace/InfotronicDriverLibrary/Debug/libInfotronicDriverLibrary.a(Heartbeat.o)
                                       0x4287 (size before relaxing)
 .debug_str     0x0000000000010bfe      0x268 /Users/alejandro/Documents/MCUXpressoIDE_10.2.0/workspace/InfotronicDriverLibrary/Debug/libInfotronicDriverLibrary.a(DigOut.o)
                                       0x440a (size before relaxing)
 .debug_str     0x0000000000010e66      0x21e /Users/alejandro/Documents/MCUXpressoIDE_10.2.0/workspace/InfotronicDriverLibrary/Debug/libInfotronicDriverLibrary.a(DigInp.o)
                                       0x4576 (size before relaxing)
 .debug_str     0x0000000000011084       0xdc /Users/alejandro/Documents/MCUXpressoIDE_10.2.0/workspace/InfotronicDriverLibrary/Debug/libInfotronicDriverLibrary.a(Gpio.o)
                                       0x9721 (size before relaxing)
 .debug_str     0x0000000000011160       0xeb /Users/alejandro/Documents/MCUXpressoIDE_10.2.0/workspace/InfotronicDriverLibrary/Debug/libInfotronicDriverLibrary.a(Pin.o)
                                       0x95db (size before relaxing)
 .debug_str     0x000000000001124b      0x241 /Users/alejandro/Documents/MCUXpressoIDE_10.2.0/workspace/InfotronicDriverLibrary/Debug/libInfotronicDriverLibrary.a(StandardKeyboardDriver.o)
                                       0x4687 (size before relaxing)
 .debug_str     0x000000000001148c       0xc9 /Users/alejandro/Documents/MCUXpressoIDE_10.2.0/workspace/InfotronicDriverLibrary/Debug/libInfotronicDriverLibrary.a(MatrixKeyboardDriver.o)
                                       0x4486 (size before relaxing)
 .debug_str     0x0000000000011555       0x5a /Users/alejandro/Documents/MCUXpressoIDE_10.2.0/workspace/InfotronicDriverLibrary/Debug/libInfotronicDriverLibrary.a(Debug.o)
                                       0x3c4b (size before relaxing)

.comment        0x0000000000000000       0x7e
 .comment       0x0000000000000000       0x7e ./src/Services/Scheduler/Scheduler.o
                                         0x7f (size before relaxing)
 .comment       0x000000000000007e       0x7f ./src/cr_startup_lpc175x_6x.o
 .comment       0x000000000000007e       0x7f ./src/crp.o
 .comment       0x000000000000007e       0x7f ./src/main.o
 .comment       0x000000000000007e       0x7f /Users/alejandro/Documents/MCUXpressoIDE_10.2.0/workspace/ChipDriverLibrary/Debug/libChipDriverLibrary.a(SysTick.o)
 .comment       0x000000000000007e       0x7f /Users/alejandro/Documents/MCUXpressoIDE_10.2.0/workspace/ChipDriverLibrary/Debug/libChipDriverLibrary.a(system_LPC17xx.o)
 .comment       0x000000000000007e       0x7f /Users/alejandro/Documents/MCUXpressoIDE_10.2.0/workspace/InfotronicDriverLibrary/Debug/libInfotronicDriverLibrary.a(Lcd.o)
 .comment       0x000000000000007e       0x7f /Users/alejandro/Documents/MCUXpressoIDE_10.2.0/workspace/InfotronicDriverLibrary/Debug/libInfotronicDriverLibrary.a(Keyboard.o)
 .comment       0x000000000000007e       0x7f /Users/alejandro/Documents/MCUXpressoIDE_10.2.0/workspace/InfotronicDriverLibrary/Debug/libInfotronicDriverLibrary.a(Heartbeat.o)
 .comment       0x000000000000007e       0x7f /Users/alejandro/Documents/MCUXpressoIDE_10.2.0/workspace/InfotronicDriverLibrary/Debug/libInfotronicDriverLibrary.a(DigOut.o)
 .comment       0x000000000000007e       0x7f /Users/alejandro/Documents/MCUXpressoIDE_10.2.0/workspace/InfotronicDriverLibrary/Debug/libInfotronicDriverLibrary.a(DigInp.o)
 .comment       0x000000000000007e       0x7f /Users/alejandro/Documents/MCUXpressoIDE_10.2.0/workspace/InfotronicDriverLibrary/Debug/libInfotronicDriverLibrary.a(Gpio.o)
 .comment       0x000000000000007e       0x7f /Users/alejandro/Documents/MCUXpressoIDE_10.2.0/workspace/InfotronicDriverLibrary/Debug/libInfotronicDriverLibrary.a(Pin.o)
 .comment       0x000000000000007e       0x7f /Users/alejandro/Documents/MCUXpressoIDE_10.2.0/workspace/InfotronicDriverLibrary/Debug/libInfotronicDriverLibrary.a(StandardKeyboardDriver.o)
 .comment       0x000000000000007e       0x7f /Users/alejandro/Documents/MCUXpressoIDE_10.2.0/workspace/InfotronicDriverLibrary/Debug/libInfotronicDriverLibrary.a(MatrixKeyboardDriver.o)
 .comment       0x000000000000007e       0x7f /Users/alejandro/Documents/MCUXpressoIDE_10.2.0/workspace/InfotronicDriverLibrary/Debug/libInfotronicDriverLibrary.a(Debug.o)
 .comment       0x000000000000007e       0x7f /Applications/MCUXpressoIDE_10.2.0_759/ide/tools/bin/../lib/gcc/arm-none-eabi/7.2.1/../../../../arm-none-eabi/lib/thumb/v7-m/libcr_c.a(__weak__main.o)

.ARM.attributes
                0x0000000000000000       0x31
 .ARM.attributes
                0x0000000000000000       0x33 ./src/Services/Scheduler/Scheduler.o
 .ARM.attributes
                0x0000000000000033       0x33 ./src/cr_startup_lpc175x_6x.o
 .ARM.attributes
                0x0000000000000066       0x33 ./src/crp.o
 .ARM.attributes
                0x0000000000000099       0x33 ./src/main.o
 .ARM.attributes
                0x00000000000000cc       0x33 /Users/alejandro/Documents/MCUXpressoIDE_10.2.0/workspace/ChipDriverLibrary/Debug/libChipDriverLibrary.a(SysTick.o)
 .ARM.attributes
                0x00000000000000ff       0x33 /Users/alejandro/Documents/MCUXpressoIDE_10.2.0/workspace/ChipDriverLibrary/Debug/libChipDriverLibrary.a(system_LPC17xx.o)
 .ARM.attributes
                0x0000000000000132       0x33 /Users/alejandro/Documents/MCUXpressoIDE_10.2.0/workspace/InfotronicDriverLibrary/Debug/libInfotronicDriverLibrary.a(Lcd.o)
 .ARM.attributes
                0x0000000000000165       0x33 /Users/alejandro/Documents/MCUXpressoIDE_10.2.0/workspace/InfotronicDriverLibrary/Debug/libInfotronicDriverLibrary.a(Keyboard.o)
 .ARM.attributes
                0x0000000000000198       0x33 /Users/alejandro/Documents/MCUXpressoIDE_10.2.0/workspace/InfotronicDriverLibrary/Debug/libInfotronicDriverLibrary.a(Heartbeat.o)
 .ARM.attributes
                0x00000000000001cb       0x33 /Users/alejandro/Documents/MCUXpressoIDE_10.2.0/workspace/InfotronicDriverLibrary/Debug/libInfotronicDriverLibrary.a(DigOut.o)
 .ARM.attributes
                0x00000000000001fe       0x33 /Users/alejandro/Documents/MCUXpressoIDE_10.2.0/workspace/InfotronicDriverLibrary/Debug/libInfotronicDriverLibrary.a(DigInp.o)
 .ARM.attributes
                0x0000000000000231       0x33 /Users/alejandro/Documents/MCUXpressoIDE_10.2.0/workspace/InfotronicDriverLibrary/Debug/libInfotronicDriverLibrary.a(Gpio.o)
 .ARM.attributes
                0x0000000000000264       0x33 /Users/alejandro/Documents/MCUXpressoIDE_10.2.0/workspace/InfotronicDriverLibrary/Debug/libInfotronicDriverLibrary.a(Pin.o)
 .ARM.attributes
                0x0000000000000297       0x33 /Users/alejandro/Documents/MCUXpressoIDE_10.2.0/workspace/InfotronicDriverLibrary/Debug/libInfotronicDriverLibrary.a(StandardKeyboardDriver.o)
 .ARM.attributes
                0x00000000000002ca       0x33 /Users/alejandro/Documents/MCUXpressoIDE_10.2.0/workspace/InfotronicDriverLibrary/Debug/libInfotronicDriverLibrary.a(MatrixKeyboardDriver.o)
 .ARM.attributes
                0x00000000000002fd       0x33 /Users/alejandro/Documents/MCUXpressoIDE_10.2.0/workspace/InfotronicDriverLibrary/Debug/libInfotronicDriverLibrary.a(Debug.o)
 .ARM.attributes
                0x0000000000000330       0x33 /Applications/MCUXpressoIDE_10.2.0_759/ide/tools/bin/../lib/gcc/arm-none-eabi/7.2.1/../../../../arm-none-eabi/lib/thumb/v7-m/libcr_c.a(__weak__main.o)

.debug_frame    0x0000000000000000      0x7f8
 .debug_frame   0x0000000000000000       0xdc ./src/Services/Scheduler/Scheduler.o
 .debug_frame   0x00000000000000dc      0x170 ./src/cr_startup_lpc175x_6x.o
 .debug_frame   0x000000000000024c       0x78 ./src/main.o
 .debug_frame   0x00000000000002c4       0x38 /Users/alejandro/Documents/MCUXpressoIDE_10.2.0/workspace/ChipDriverLibrary/Debug/libChipDriverLibrary.a(SysTick.o)
 .debug_frame   0x00000000000002fc       0x30 /Users/alejandro/Documents/MCUXpressoIDE_10.2.0/workspace/ChipDriverLibrary/Debug/libChipDriverLibrary.a(system_LPC17xx.o)
 .debug_frame   0x000000000000032c      0x110 /Users/alejandro/Documents/MCUXpressoIDE_10.2.0/workspace/InfotronicDriverLibrary/Debug/libInfotronicDriverLibrary.a(Lcd.o)
 .debug_frame   0x000000000000043c       0x88 /Users/alejandro/Documents/MCUXpressoIDE_10.2.0/workspace/InfotronicDriverLibrary/Debug/libInfotronicDriverLibrary.a(Keyboard.o)
 .debug_frame   0x00000000000004c4       0x40 /Users/alejandro/Documents/MCUXpressoIDE_10.2.0/workspace/InfotronicDriverLibrary/Debug/libInfotronicDriverLibrary.a(Heartbeat.o)
 .debug_frame   0x0000000000000504       0x44 /Users/alejandro/Documents/MCUXpressoIDE_10.2.0/workspace/InfotronicDriverLibrary/Debug/libInfotronicDriverLibrary.a(DigOut.o)
 .debug_frame   0x0000000000000548       0x54 /Users/alejandro/Documents/MCUXpressoIDE_10.2.0/workspace/InfotronicDriverLibrary/Debug/libInfotronicDriverLibrary.a(DigInp.o)
 .debug_frame   0x000000000000059c      0x108 /Users/alejandro/Documents/MCUXpressoIDE_10.2.0/workspace/InfotronicDriverLibrary/Debug/libInfotronicDriverLibrary.a(Gpio.o)
 .debug_frame   0x00000000000006a4       0x80 /Users/alejandro/Documents/MCUXpressoIDE_10.2.0/workspace/InfotronicDriverLibrary/Debug/libInfotronicDriverLibrary.a(Pin.o)
 .debug_frame   0x0000000000000724       0x64 /Users/alejandro/Documents/MCUXpressoIDE_10.2.0/workspace/InfotronicDriverLibrary/Debug/libInfotronicDriverLibrary.a(StandardKeyboardDriver.o)
 .debug_frame   0x0000000000000788       0x50 /Users/alejandro/Documents/MCUXpressoIDE_10.2.0/workspace/InfotronicDriverLibrary/Debug/libInfotronicDriverLibrary.a(MatrixKeyboardDriver.o)
 .debug_frame   0x00000000000007d8       0x20 /Users/alejandro/Documents/MCUXpressoIDE_10.2.0/workspace/InfotronicDriverLibrary/Debug/libInfotronicDriverLibrary.a(Debug.o)

.debug_loc      0x0000000000000000      0xb73
 .debug_loc     0x0000000000000000      0x3ce /Users/alejandro/Documents/MCUXpressoIDE_10.2.0/workspace/InfotronicDriverLibrary/Debug/libInfotronicDriverLibrary.a(Lcd.o)
 .debug_loc     0x00000000000003ce      0x16f /Users/alejandro/Documents/MCUXpressoIDE_10.2.0/workspace/InfotronicDriverLibrary/Debug/libInfotronicDriverLibrary.a(Keyboard.o)
 .debug_loc     0x000000000000053d       0x26 /Users/alejandro/Documents/MCUXpressoIDE_10.2.0/workspace/InfotronicDriverLibrary/Debug/libInfotronicDriverLibrary.a(Heartbeat.o)
 .debug_loc     0x0000000000000563       0xb4 /Users/alejandro/Documents/MCUXpressoIDE_10.2.0/workspace/InfotronicDriverLibrary/Debug/libInfotronicDriverLibrary.a(DigOut.o)
 .debug_loc     0x0000000000000617       0xd3 /Users/alejandro/Documents/MCUXpressoIDE_10.2.0/workspace/InfotronicDriverLibrary/Debug/libInfotronicDriverLibrary.a(DigInp.o)
 .debug_loc     0x00000000000006ea      0x22e /Users/alejandro/Documents/MCUXpressoIDE_10.2.0/workspace/InfotronicDriverLibrary/Debug/libInfotronicDriverLibrary.a(Gpio.o)
 .debug_loc     0x0000000000000918      0x1e0 /Users/alejandro/Documents/MCUXpressoIDE_10.2.0/workspace/InfotronicDriverLibrary/Debug/libInfotronicDriverLibrary.a(Pin.o)
 .debug_loc     0x0000000000000af8       0x7b /Users/alejandro/Documents/MCUXpressoIDE_10.2.0/workspace/InfotronicDriverLibrary/Debug/libInfotronicDriverLibrary.a(StandardKeyboardDriver.o)
