Archive member included to satisfy reference by file (symbol)

/usr/local/mcuxpressoide-10.2.0_759/ide/tools/bin/../lib/gcc/arm-none-eabi/7.2.1/../../../../arm-none-eabi/lib/thumb/v7-m/libcr_semihost.a(_cr__main.o)
                              ./application/cr_startup_lpc175x_6x.o (__main)
/usr/local/mcuxpressoide-10.2.0_759/ide/tools/bin/../lib/gcc/arm-none-eabi/7.2.1/../../../../arm-none-eabi/lib/thumb/v7-m/libcr_c.a(fpprintf.o)
                              ./application/aplicacion.o (printf)
/usr/local/mcuxpressoide-10.2.0_759/ide/tools/bin/../lib/gcc/arm-none-eabi/7.2.1/../../../../arm-none-eabi/lib/thumb/v7-m/libcr_c.a(initio.o)
                              /usr/local/mcuxpressoide-10.2.0_759/ide/tools/bin/../lib/gcc/arm-none-eabi/7.2.1/../../../../arm-none-eabi/lib/thumb/v7-m/libcr_semihost.a(_cr__main.o) (_initio)
/usr/local/mcuxpressoide-10.2.0_759/ide/tools/bin/../lib/gcc/arm-none-eabi/7.2.1/../../../../arm-none-eabi/lib/thumb/v7-m/libcr_c.a(printf.o)
                              /usr/local/mcuxpressoide-10.2.0_759/ide/tools/bin/../lib/gcc/arm-none-eabi/7.2.1/../../../../arm-none-eabi/lib/thumb/v7-m/libcr_c.a(fpprintf.o) (__vfprintf)
/usr/local/mcuxpressoide-10.2.0_759/ide/tools/bin/../lib/gcc/arm-none-eabi/7.2.1/../../../../arm-none-eabi/lib/thumb/v7-m/libcr_c.a(setvbuf.o)
                              /usr/local/mcuxpressoide-10.2.0_759/ide/tools/bin/../lib/gcc/arm-none-eabi/7.2.1/../../../../arm-none-eabi/lib/thumb/v7-m/libcr_c.a(initio.o) (setvbuf)
/usr/local/mcuxpressoide-10.2.0_759/ide/tools/bin/../lib/gcc/arm-none-eabi/7.2.1/../../../../arm-none-eabi/lib/thumb/v7-m/libcr_c.a(strlen.o)
                              /usr/local/mcuxpressoide-10.2.0_759/ide/tools/bin/../lib/gcc/arm-none-eabi/7.2.1/../../../../arm-none-eabi/lib/thumb/v7-m/libcr_c.a(printf.o) (strlen)
/usr/local/mcuxpressoide-10.2.0_759/ide/tools/bin/../lib/gcc/arm-none-eabi/7.2.1/../../../../arm-none-eabi/lib/thumb/v7-m/libcr_c.a(memset.o)
                              /usr/local/mcuxpressoide-10.2.0_759/ide/tools/bin/../lib/gcc/arm-none-eabi/7.2.1/../../../../arm-none-eabi/lib/thumb/v7-m/libcr_c.a(fpprintf.o) (memset)
/usr/local/mcuxpressoide-10.2.0_759/ide/tools/bin/../lib/gcc/arm-none-eabi/7.2.1/../../../../arm-none-eabi/lib/thumb/v7-m/libcr_c.a(_deferredlazyseek.o)
                              /usr/local/mcuxpressoide-10.2.0_759/ide/tools/bin/../lib/gcc/arm-none-eabi/7.2.1/../../../../arm-none-eabi/lib/thumb/v7-m/libcr_c.a(fpprintf.o) (__flsbuf)
/usr/local/mcuxpressoide-10.2.0_759/ide/tools/bin/../lib/gcc/arm-none-eabi/7.2.1/../../../../arm-none-eabi/lib/thumb/v7-m/libcr_c.a(_fdopen.o)
                              /usr/local/mcuxpressoide-10.2.0_759/ide/tools/bin/../lib/gcc/arm-none-eabi/7.2.1/../../../../arm-none-eabi/lib/thumb/v7-m/libcr_c.a(initio.o) (_fdopen)
/usr/local/mcuxpressoide-10.2.0_759/ide/tools/bin/../lib/gcc/arm-none-eabi/7.2.1/../../../../arm-none-eabi/lib/thumb/v7-m/libcr_c.a(_fflush.o)
                              /usr/local/mcuxpressoide-10.2.0_759/ide/tools/bin/../lib/gcc/arm-none-eabi/7.2.1/../../../../arm-none-eabi/lib/thumb/v7-m/libcr_c.a(_deferredlazyseek.o) (_fflush)
/usr/local/mcuxpressoide-10.2.0_759/ide/tools/bin/../lib/gcc/arm-none-eabi/7.2.1/../../../../arm-none-eabi/lib/thumb/v7-m/libcr_c.a(_frexpl.o)
                              /usr/local/mcuxpressoide-10.2.0_759/ide/tools/bin/../lib/gcc/arm-none-eabi/7.2.1/../../../../arm-none-eabi/lib/thumb/v7-m/libcr_c.a(fpprintf.o) (_frexpl)
/usr/local/mcuxpressoide-10.2.0_759/ide/tools/bin/../lib/gcc/arm-none-eabi/7.2.1/../../../../arm-none-eabi/lib/thumb/v7-m/libcr_c.a(_ldexpl.o)
                              /usr/local/mcuxpressoide-10.2.0_759/ide/tools/bin/../lib/gcc/arm-none-eabi/7.2.1/../../../../arm-none-eabi/lib/thumb/v7-m/libcr_c.a(fpprintf.o) (_ldexpl)
/usr/local/mcuxpressoide-10.2.0_759/ide/tools/bin/../lib/gcc/arm-none-eabi/7.2.1/../../../../arm-none-eabi/lib/thumb/v7-m/libcr_c.a(_writebuf.o)
                              /usr/local/mcuxpressoide-10.2.0_759/ide/tools/bin/../lib/gcc/arm-none-eabi/7.2.1/../../../../arm-none-eabi/lib/thumb/v7-m/libcr_c.a(_deferredlazyseek.o) (_Cwritebuf)
/usr/local/mcuxpressoide-10.2.0_759/ide/tools/bin/../lib/gcc/arm-none-eabi/7.2.1/../../../../arm-none-eabi/lib/thumb/v7-m/libcr_c.a(alloc.o)
                              /usr/local/mcuxpressoide-10.2.0_759/ide/tools/bin/../lib/gcc/arm-none-eabi/7.2.1/../../../../arm-none-eabi/lib/thumb/v7-m/libcr_c.a(fpprintf.o) (malloc)
/usr/local/mcuxpressoide-10.2.0_759/ide/tools/bin/../lib/gcc/arm-none-eabi/7.2.1/../../../../arm-none-eabi/lib/thumb/v7-m/libcr_c.a(errno.o)
                              /usr/local/mcuxpressoide-10.2.0_759/ide/tools/bin/../lib/gcc/arm-none-eabi/7.2.1/../../../../arm-none-eabi/lib/thumb/v7-m/libcr_c.a(_ldexpl.o) (errno)
/usr/local/mcuxpressoide-10.2.0_759/ide/tools/bin/../lib/gcc/arm-none-eabi/7.2.1/../../../../arm-none-eabi/lib/thumb/v7-m/libcr_c.a(fclose.o)
[...]
Memory Configuration

Name             Origin             Length             Attributes
MFlash512        0x0000000000000000 0x0000000000080000 xr
RamLoc32         0x0000000010000000 0x0000000000008000 xrw
RamAHB32         0x000000002007c000 0x0000000000008000 xrw
*default*        0x0000000000000000 0xffffffffffffffff

Linker script and memory map

LOAD ./primitivas/src/boardinit.o
LOAD ./primitivas/src/salidasdigitales_infotronic.o
LOAD ./primitivas/src/tecladofijo_infotronic.o
LOAD ./drivers/systick/src/Systick.o
LOAD ./drivers/systick/src/timer_systick.o
LOAD ./drivers/system/src/lpc17xx_clkpwr.o
LOAD ./drivers/system/src/system_LPC17xx.o
LOAD ./drivers/nvic/src/nvic.o
LOAD ./drivers/gpio/src/gpio.o
LOAD ./drivers/adc/src/adc.o
LOAD ./application/aplicacion.o
LOAD ./application/cr_startup_lpc175x_6x.o
LOAD ./application/crp.o
START GROUP
LOAD /usr/local/mcuxpressoide-10.2.0_759/ide/tools/bin/../lib/gcc/arm-none-eabi/7.2.1/../../../../arm-none-eabi/lib/thumb/v7-m/libcr_semihost.a
LOAD /usr/local/mcuxpressoide-10.2.0_759/ide/tools/bin/../lib/gcc/arm-none-eabi/7.2.1/../../../../arm-none-eabi/lib/thumb/v7-m/libcr_c.a
LOAD /usr/local/mcuxpressoide-10.2.0_759/ide/tools/bin/../lib/gcc/arm-none-eabi/7.2.1/thumb/v7-m/libcr_eabihelpers.a
END GROUP
                0x0000000000000000                __base_MFlash512 = 0x0
                0x0000000000000000                __base_Flash = 0x0
                0x0000000000080000                __top_MFlash512 = 0x80000
                0x0000000000080000                __top_Flash = 0x80000
                0x0000000010000000                __base_RamLoc32 = 0x10000000
                0x0000000010000000                __base_RAM = 0x10000000
                0x0000000010008000                __top_RamLoc32 = 0x10008000
                0x0000000010008000                __top_RAM = 0x10008000
                0x000000002007c000                __base_RamAHB32 = 0x2007c000
                0x000000002007c000                __base_RAM2 = 0x2007c000
                0x0000000020084000                __top_RamAHB32 = 0x20084000
                0x0000000020084000                __top_RAM2 = 0x20084000

.text           0x0000000000000000     0x2ecc
 FILL mask 0xff
                0x0000000000000000                __vectors_start__ = ABSOLUTE (.)
 *(.isr_vector)
 .isr_vector    0x0000000000000000       0xcc ./application/cr_startup_lpc175x_6x.o
                0x0000000000000000                g_pfnVectors
                0x00000000000000cc                . = ALIGN (0x4)
                0x00000000000000cc                __section_table_start = .
                0x00000000000000cc                __data_section_table = .
                0x00000000000000cc        0x4 LONG 0x2ecc LOADADDR (.data)
                0x00000000000000d0        0x4 LONG 0x10000000 ADDR (.data)
                0x00000000000000d4        0x4 LONG 0xc4 SIZEOF (.data)
                0x00000000000000d8        0x4 LONG 0x2ecc LOADADDR (.data_RAM2)
                0x00000000000000dc        0x4 LONG 0x2007c000 ADDR (.data_RAM2)
                0x00000000000000e0        0x4 LONG 0x0 SIZEOF (.data_RAM2)
                0x00000000000000e4                __data_section_table_end = .
                0x00000000000000e4                __bss_section_table = .
                0x00000000000000e4        0x4 LONG 0x100000c4 ADDR (.bss)
                0x00000000000000e8        0x4 LONG 0x1f8 SIZEOF (.bss)
                0x00000000000000ec        0x4 LONG 0x2007c000 ADDR (.bss_RAM2)
                0x00000000000000f0        0x4 LONG 0x0 SIZEOF (.bss_RAM2)
                0x00000000000000f4                __bss_section_table_end = .
                0x00000000000000f4                __section_table_end = .
 *(.after_vectors*)
 .after_vectors
                0x00000000000000f4      0x128 ./application/cr_startup_lpc175x_6x.o
                0x00000000000000f4                data_init
                0x0000000000000136                bss_init
                0x000000000000016c                ResetISR
                0x00000000000001e0                NMI_Handler
                0x00000000000001e6                HardFault_Handler
                0x00000000000001ec                MemManage_Handler
                0x00000000000001f2                BusFault_Handler
                0x00000000000001f8                UsageFault_Handler
                0x00000000000001fe                SVC_Handler
                0x0000000000000204                DebugMon_Handler
                0x000000000000020a                PendSV_Handler
                0x0000000000000216                TIMER2_IRQHandler
                0x0000000000000216                RIT_IRQHandler
                0x0000000000000216                I2C0_IRQHandler
                0x0000000000000216                USBActivity_IRQHandler
                0x0000000000000216                PWM1_IRQHandler
                0x0000000000000216                I2C1_IRQHandler
                0x0000000000000216                EINT2_IRQHandler
                0x0000000000000216                UART1_IRQHandler
                0x0000000000000216                EINT3_IRQHandler
                0x0000000000000216                CANActivity_IRQHandler
                0x0000000000000216                TIMER3_IRQHandler
                0x0000000000000216                UART0_IRQHandler
                0x0000000000000216                IntDefaultHandler
                0x0000000000000216                PLL0_IRQHandler
                0x0000000000000216                CAN_IRQHandler
                0x0000000000000216                PLL1_IRQHandler
                0x0000000000000216                SSP0_IRQHandler
                0x0000000000000216                I2S_IRQHandler
                0x0000000000000216                I2C2_IRQHandler
                0x0000000000000216                RTC_IRQHandler
                0x0000000000000216                TIMER0_IRQHandler
                0x0000000000000216                SPI_IRQHandler
                0x0000000000000216                EINT1_IRQHandler
                0x0000000000000216                TIMER1_IRQHandler
                0x0000000000000216                UART2_IRQHandler
                0x0000000000000216                SSP1_IRQHandler
                0x0000000000000216                USB_IRQHandler
                0x0000000000000216                BOD_IRQHandler
                0x0000000000000216                WDT_IRQHandler
                0x0000000000000216                QEI_IRQHandler
                0x0000000000000216                EINT0_IRQHandler
                0x0000000000000216                DMA_IRQHandler
                0x0000000000000216                UART3_IRQHandler
                0x0000000000000216                MCPWM_IRQHandler
                0x0000000000000216                ENET_IRQHandler
                0x00000000000002fc                . = 0x2fc
 *fill*         0x000000000000021c       0xe0 ff
                0x00000000000002fc                PROVIDE (__CRP_WORD_START__, .)
 *(.crp)
 .crp           0x00000000000002fc        0x4 ./application/crp.o
                0x00000000000002fc                CRP_WORD
                0x0000000000000300                PROVIDE (__CRP_WORD_END__, .)
                0x0000000000000001                ASSERT (! ((__CRP_WORD_START__ == __CRP_WORD_END__)), Linker CRP Enabled, but no CRP_WORD provided within application)
 *(.text*)
 .text.BoardInit
                0x0000000000000300       0x14 ./primitivas/src/boardinit.o
                0x0000000000000300                BoardInit
 .text.timer_Systick_Init
                0x0000000000000314       0x44 ./drivers/systick/src/Systick.o
                0x0000000000000314                timer_Systick_Init
 .text.SysTick_Handler
                0x0000000000000358       0x38 ./drivers/systick/src/Systick.o
                0x0000000000000358                SysTick_Handler
 .text.TIMER_Systick_Init
                0x0000000000000390        0xc ./drivers/systick/src/timer_systick.o
                0x0000000000000390                TIMER_Systick_Init
 .text.timer_Core
                0x000000000000039c       0xf4 ./drivers/systick/src/timer_systick.o
                0x000000000000039c                timer_Core
 .text.SystemInit
                0x0000000000000490      0x14c ./drivers/system/src/system_LPC17xx.o
                0x0000000000000490                SystemInit
 .text.NVIC_EnableIRQ
                0x00000000000005dc       0x30 ./drivers/nvic/src/nvic.o
                0x00000000000005dc                NVIC_EnableIRQ
 .text.GPIO_SetPinFunc
                0x000000000000060c       0x80 ./drivers/gpio/src/gpio.o
                0x000000000000060c                GPIO_SetPinFunc
 .text.ADC_Init
                0x000000000000068c       0x98 ./drivers/adc/src/adc.o
                0x000000000000068c                ADC_Init
 .text.ADC_Read
                0x0000000000000724       0x34 ./drivers/adc/src/adc.o
                0x0000000000000724                ADC_Read
 .text.main     0x0000000000000758       0x24 ./application/aplicacion.o
                0x0000000000000758                main
 .text.HandlerSystick500ms
                0x000000000000077c       0x1c ./application/aplicacion.o
                0x000000000000077c                HandlerSystick500ms
 .text.ADC_IRQHandler
                0x0000000000000798       0x18 ./application/aplicacion.o
                0x0000000000000798                ADC_IRQHandler
 .text.__main   0x00000000000007b0        0xe /usr/local/mcuxpressoide-10.2.0_759/ide/tools/bin/../lib/gcc/arm-none-eabi/7.2.1/../../../../arm-none-eabi/lib/thumb/v7-m/libcr_semihost.a(_cr__main.o)
                0x00000000000007b0                __main
                0x00000000000007b0                __CR_SEMIHOST
 .text.fp_round
                0x00000000000007be       0x4c /usr/local/mcuxpressoide-10.2.0_759/ide/tools/bin/../lib/gcc/arm-none-eabi/7.2.1/../../../../arm-none-eabi/lib/thumb/v7-m/libcr_c.a(fpprintf.o)
 .text.pr_dec.constprop.1
                0x000000000000080a       0x26 /usr/local/mcuxpressoide-10.2.0_759/ide/tools/bin/../lib/gcc/arm-none-eabi/7.2.1/../../../../arm-none-eabi/lib/thumb/v7-m/libcr_c.a(fpprintf.o)
 .text.sprintf  0x0000000000000830       0x6c /usr/local/mcuxpressoide-10.2.0_759/ide/tools/bin/../lib/gcc/arm-none-eabi/7.2.1/../../../../arm-none-eabi/lib/thumb/v7-m/libcr_c.a(fpprintf.o)
                0x0000000000000830                sprintf
 *fill*         0x000000000000089c        0x4 ff
 .text.fp_display
                0x00000000000008a0      0x96c /usr/local/mcuxpressoide-10.2.0_759/ide/tools/bin/../lib/gcc/arm-none-eabi/7.2.1/../../../../arm-none-eabi/lib/thumb/v7-m/libcr_c.a(fpprintf.o)
 .text.vsnprintf
                0x000000000000120c       0x5c /usr/local/mcuxpressoide-10.2.0_759/ide/tools/bin/../lib/gcc/arm-none-eabi/7.2.1/../../../../arm-none-eabi/lib/thumb/v7-m/libcr_c.a(fpprintf.o)
                0x000000000000120c                vsnprintf
 .text.printf   0x0000000000001268       0x54 /usr/local/mcuxpressoide-10.2.0_759/ide/tools/bin/../lib/gcc/arm-none-eabi/7.2.1/../../../../arm-none-eabi/lib/thumb/v7-m/libcr_c.a(fpprintf.o)
                0x0000000000001268                printf
 .text._initio  0x00000000000012bc       0x78 /usr/local/mcuxpressoide-10.2.0_759/ide/tools/bin/../lib/gcc/arm-none-eabi/7.2.1/../../../../arm-none-eabi/lib/thumb/v7-m/libcr_c.a(initio.o)
                0x00000000000012bc                _initio
 .text.__vfprintf
                0x0000000000001334      0xb98 /usr/local/mcuxpressoide-10.2.0_759/ide/tools/bin/../lib/gcc/arm-none-eabi/7.2.1/../../../../arm-none-eabi/lib/thumb/v7-m/libcr_c.a(printf.o)
                0x0000000000001334                __vfprintf
 .text.setvbuf  0x0000000000001ecc       0x40 /usr/local/mcuxpressoide-10.2.0_759/ide/tools/bin/../lib/gcc/arm-none-eabi/7.2.1/../../../../arm-none-eabi/lib/thumb/v7-m/libcr_c.a(setvbuf.o)
                0x0000000000001ecc                setvbuf
 .text.strlen   0x0000000000001f0c       0x4a /usr/local/mcuxpressoide-10.2.0_759/ide/tools/bin/../lib/gcc/arm-none-eabi/7.2.1/../../../../arm-none-eabi/lib/thumb/v7-m/libcr_c.a(strlen.o)
                0x0000000000001f0c                strlen
 .text.memset   0x0000000000001f56        0x4 /usr/local/mcuxpressoide-10.2.0_759/ide/tools/bin/../lib/gcc/arm-none-eabi/7.2.1/../../../../arm-none-eabi/lib/thumb/v7-m/libcr_c.a(memset.o)
                0x0000000000001f56                memset
 .text._deferredlazyseek
                0x0000000000001f5a       0x40 /usr/local/mcuxpressoide-10.2.0_759/ide/tools/bin/../lib/gcc/arm-none-eabi/7.2.1/../../../../arm-none-eabi/lib/thumb/v7-m/libcr_c.a(_deferredlazyseek.o)
                0x0000000000001f5a                _deferredlazyseek
 .text.__flsbuf
                0x0000000000001f9a      0x140 /usr/local/mcuxpressoide-10.2.0_759/ide/tools/bin/../lib/gcc/arm-none-eabi/7.2.1/../../../../arm-none-eabi/lib/thumb/v7-m/libcr_c.a(_deferredlazyseek.o)
                0x0000000000001f9a                __flsbuf
 .text._fdopen  0x00000000000020da       0x68 /usr/local/mcuxpressoide-10.2.0_759/ide/tools/bin/../lib/gcc/arm-none-eabi/7.2.1/../../../../arm-none-eabi/lib/thumb/v7-m/libcr_c.a(_fdopen.o)
                0x00000000000020da                _fdopen
 .text._fflush  0x0000000000002142       0x52 /usr/local/mcuxpressoide-10.2.0_759/ide/tools/bin/../lib/gcc/arm-none-eabi/7.2.1/../../../../arm-none-eabi/lib/thumb/v7-m/libcr_c.a(_fflush.o)
                0x0000000000002142                _fflush
 .text._frexpl  0x0000000000002194       0x56 /usr/local/mcuxpressoide-10.2.0_759/ide/tools/bin/../lib/gcc/arm-none-eabi/7.2.1/../../../../arm-none-eabi/lib/thumb/v7-m/libcr_c.a(_frexpl.o)
                0x0000000000002194                _frexpl
 *fill*         0x00000000000021ea        0x2 ff
 .text._ldexpl  0x00000000000021ec       0x4c /usr/local/mcuxpressoide-10.2.0_759/ide/tools/bin/../lib/gcc/arm-none-eabi/7.2.1/../../../../arm-none-eabi/lib/thumb/v7-m/libcr_c.a(_ldexpl.o)
                0x00000000000021ec                _ldexpl
 .text._Cwritebuf
                0x0000000000002238       0x6c /usr/local/mcuxpressoide-10.2.0_759/ide/tools/bin/../lib/gcc/arm-none-eabi/7.2.1/../../../../arm-none-eabi/lib/thumb/v7-m/libcr_c.a(_writebuf.o)
                0x0000000000002238                _Cwritebuf
 .text.malloc   0x00000000000022a4       0xc8 /usr/local/mcuxpressoide-10.2.0_759/ide/tools/bin/../lib/gcc/arm-none-eabi/7.2.1/../../../../arm-none-eabi/lib/thumb/v7-m/libcr_c.a(alloc.o)
                0x00000000000022a4                malloc
 .text.free     0x000000000000236c       0x30 /usr/local/mcuxpressoide-10.2.0_759/ide/tools/bin/../lib/gcc/arm-none-eabi/7.2.1/../../../../arm-none-eabi/lib/thumb/v7-m/libcr_c.a(alloc.o)
                0x000000000000236c                free
 .text._Csys_alloc
                0x000000000000239c       0x20 /usr/local/mcuxpressoide-10.2.0_759/ide/tools/bin/../lib/gcc/arm-none-eabi/7.2.1/../../../../arm-none-eabi/lib/thumb/v7-m/libcr_c.a(alloc.o)
                0x000000000000239c                _Csys_alloc
 .text.fclose   0x00000000000023bc       0x58 /usr/local/mcuxpressoide-10.2.0_759/ide/tools/bin/../lib/gcc/arm-none-eabi/7.2.1/../../../../arm-none-eabi/lib/thumb/v7-m/libcr_c.a(fclose.o)
                0x00000000000023bc                fclose
 .text.fflush   0x0000000000002414       0x44 /usr/local/mcuxpressoide-10.2.0_759/ide/tools/bin/../lib/gcc/arm-none-eabi/7.2.1/../../../../arm-none-eabi/lib/thumb/v7-m/libcr_c.a(fflush.o)
                0x0000000000002414                fflush
 .text.fseek    0x0000000000002458      0x100 /usr/local/mcuxpressoide-10.2.0_759/ide/tools/bin/../lib/gcc/arm-none-eabi/7.2.1/../../../../arm-none-eabi/lib/thumb/v7-m/libcr_c.a(fseek.o)
                0x0000000000002458                fseek
 .text.ftell    0x0000000000002558       0x44 /usr/local/mcuxpressoide-10.2.0_759/ide/tools/bin/../lib/gcc/arm-none-eabi/7.2.1/../../../../arm-none-eabi/lib/thumb/v7-m/libcr_c.a(ftell.o)
                0x0000000000002558                ftell
 .text.remove   0x000000000000259c       0x14 /usr/local/mcuxpressoide-10.2.0_759/ide/tools/bin/../lib/gcc/arm-none-eabi/7.2.1/../../../../arm-none-eabi/lib/thumb/v7-m/libcr_c.a(remove.o)
                0x000000000000259c                remove
 .text._sbrk    0x00000000000025b0       0x3c /usr/local/mcuxpressoide-10.2.0_759/ide/tools/bin/../lib/gcc/arm-none-eabi/7.2.1/../../../../arm-none-eabi/lib/thumb/v7-m/libcr_c.a(_cr_sbrk.o)
                0x00000000000025b0                _sbrk
 .text._do_fflush
                0x00000000000025ec       0x40 /usr/local/mcuxpressoide-10.2.0_759/ide/tools/bin/../lib/gcc/arm-none-eabi/7.2.1/../../../../arm-none-eabi/lib/thumb/v7-m/libcr_c.a(_do_fflush.o)
                0x00000000000025ec                _do_fflush
 .text.__check_heap_overflow
                0x000000000000262c       0x18 /usr/local/mcuxpressoide-10.2.0_759/ide/tools/bin/../lib/gcc/arm-none-eabi/7.2.1/../../../../arm-none-eabi/lib/thumb/v7-m/libcr_c.a(_cr_check_heap.o)
                0x000000000000262c                __check_heap_overflow
 .text.__aeabi_dmul
                0x0000000000002644      0x10c /usr/local/mcuxpressoide-10.2.0_759/ide/tools/bin/../lib/gcc/arm-none-eabi/7.2.1/thumb/v7-m/libcr_eabihelpers.a(double.o)
                0x0000000000002644                __aeabi_dmul
 .text.__aeabi_ddiv
                0x0000000000002750      0x130 /usr/local/mcuxpressoide-10.2.0_759/ide/tools/bin/../lib/gcc/arm-none-eabi/7.2.1/thumb/v7-m/libcr_eabihelpers.a(double.o)
                0x0000000000002750                __aeabi_ddiv
 .text.__aeabi_dsub
                0x0000000000002880      0x1b0 /usr/local/mcuxpressoide-10.2.0_759/ide/tools/bin/../lib/gcc/arm-none-eabi/7.2.1/thumb/v7-m/libcr_eabihelpers.a(double.o)
                0x0000000000002880                __aeabi_dsub
 .text.__aeabi_dadd
                0x0000000000002a30      0x10c /usr/local/mcuxpressoide-10.2.0_759/ide/tools/bin/../lib/gcc/arm-none-eabi/7.2.1/thumb/v7-m/libcr_eabihelpers.a(double.o)
                0x0000000000002a30                __aeabi_dadd
 .text.__aeabi_d2iz
                0x0000000000002b3c       0x40 /usr/local/mcuxpressoide-10.2.0_759/ide/tools/bin/../lib/gcc/arm-none-eabi/7.2.1/thumb/v7-m/libcr_eabihelpers.a(double.o)
                0x0000000000002b3c                __aeabi_d2iz
 .text.__bhs_ui2d
                0x0000000000002b7c       0x46 /usr/local/mcuxpressoide-10.2.0_759/ide/tools/bin/../lib/gcc/arm-none-eabi/7.2.1/thumb/v7-m/libcr_eabihelpers.a(double.o)
                0x0000000000002b7c                __bhs_ui2d
 .text.__aeabi_i2d
                0x0000000000002bc2       0x12 /usr/local/mcuxpressoide-10.2.0_759/ide/tools/bin/../lib/gcc/arm-none-eabi/7.2.1/thumb/v7-m/libcr_eabihelpers.a(double.o)
                0x0000000000002bc2                __aeabi_i2d
 .text.__aeabi_dcmpeq
                0x0000000000002bd4       0x2c /usr/local/mcuxpressoide-10.2.0_759/ide/tools/bin/../lib/gcc/arm-none-eabi/7.2.1/thumb/v7-m/libcr_eabihelpers.a(double.o)
                0x0000000000002bd4                __aeabi_dcmpeq
 .text.__aeabi_dcmplt
                0x0000000000002c00       0x54 /usr/local/mcuxpressoide-10.2.0_759/ide/tools/bin/../lib/gcc/arm-none-eabi/7.2.1/thumb/v7-m/libcr_eabihelpers.a(double.o)
                0x0000000000002c00                __aeabi_dcmplt
 .text.__aeabi_dcmple
                0x0000000000002c54       0x54 /usr/local/mcuxpressoide-10.2.0_759/ide/tools/bin/../lib/gcc/arm-none-eabi/7.2.1/thumb/v7-m/libcr_eabihelpers.a(double.o)
                0x0000000000002c54                __aeabi_dcmple
 .text.__aeabi_dcmpge
                0x0000000000002ca8       0x54 /usr/local/mcuxpressoide-10.2.0_759/ide/tools/bin/../lib/gcc/arm-none-eabi/7.2.1/thumb/v7-m/libcr_eabihelpers.a(double.o)
                0x0000000000002ca8                __aeabi_dcmpge
 .text.__aeabi_memset_lowlevel
                0x0000000000002cfc       0x32 /usr/local/mcuxpressoide-10.2.0_759/ide/tools/bin/../lib/gcc/arm-none-eabi/7.2.1/thumb/v7-m/libcr_eabihelpers.a(memcpy.o)
                0x0000000000002cfc                __aeabi_lowlevel_memset
 *fill*         0x0000000000002d2e        0x2 ff
 .text.__sys_appexit
                0x0000000000002d30        0xc /usr/local/mcuxpressoide-10.2.0_759/ide/tools/bin/../lib/gcc/arm-none-eabi/7.2.1/../../../../arm-none-eabi/lib/thumb/v7-m/libcr_semihost.a(__sys_appexit.o)
                0x0000000000002d30                __exit
                0x0000000000002d30                __sys_appexit
 .text.__sys_close
                0x0000000000002d3c        0xc /usr/local/mcuxpressoide-10.2.0_759/ide/tools/bin/../lib/gcc/arm-none-eabi/7.2.1/../../../../arm-none-eabi/lib/thumb/v7-m/libcr_semihost.a(__sys_close.o)
                0x0000000000002d3c                __sys_close
 .text.__sys_flen
                0x0000000000002d48        0xc /usr/local/mcuxpressoide-10.2.0_759/ide/tools/bin/../lib/gcc/arm-none-eabi/7.2.1/../../../../arm-none-eabi/lib/thumb/v7-m/libcr_semihost.a(__sys_flen.o)
                0x0000000000002d48                __sys_flen
 .text.__sys_istty
                0x0000000000002d54        0xc /usr/local/mcuxpressoide-10.2.0_759/ide/tools/bin/../lib/gcc/arm-none-eabi/7.2.1/../../../../arm-none-eabi/lib/thumb/v7-m/libcr_semihost.a(__sys_istty.o)
                0x0000000000002d54                __sys_istty
 .text.__sys_remove
                0x0000000000002d60        0xc /usr/local/mcuxpressoide-10.2.0_759/ide/tools/bin/../lib/gcc/arm-none-eabi/7.2.1/../../../../arm-none-eabi/lib/thumb/v7-m/libcr_semihost.a(__sys_remove.o)
                0x0000000000002d60                __sys_remove
 .text.__sys_seek
                0x0000000000002d6c        0xc /usr/local/mcuxpressoide-10.2.0_759/ide/tools/bin/../lib/gcc/arm-none-eabi/7.2.1/../../../../arm-none-eabi/lib/thumb/v7-m/libcr_semihost.a(__sys_seek.o)
                0x0000000000002d6c                __sys_seek
 .text.__sys_tmpnam
                0x0000000000002d78        0xc /usr/local/mcuxpressoide-10.2.0_759/ide/tools/bin/../lib/gcc/arm-none-eabi/7.2.1/../../../../arm-none-eabi/lib/thumb/v7-m/libcr_semihost.a(__sys_tmpnam.o)
                0x0000000000002d78                __sys_tmpnam
 .text.__sys_write
                0x0000000000002d84        0xc /usr/local/mcuxpressoide-10.2.0_759/ide/tools/bin/../lib/gcc/arm-none-eabi/7.2.1/../../../../arm-none-eabi/lib/thumb/v7-m/libcr_semihost.a(__sys_write.o)
                0x0000000000002d84                __sys_write
 *(.rodata .rodata.* .constdata .constdata.*)
 .rodata        0x0000000000002d90       0x6c ./drivers/systick/src/timer_systick.o
 .rodata        0x0000000000002dfc       0x3c ./application/aplicacion.o
 .rodata.fp_display.str1.1
                0x0000000000002e38       0x34 /usr/local/mcuxpressoide-10.2.0_759/ide/tools/bin/../lib/gcc/arm-none-eabi/7.2.1/../../../../arm-none-eabi/lib/thumb/v7-m/libcr_c.a(fpprintf.o)
                                         0x35 (size before relaxing)
 .rodata._initio.str1.1
                0x0000000000002e6c        0x4 /usr/local/mcuxpressoide-10.2.0_759/ide/tools/bin/../lib/gcc/arm-none-eabi/7.2.1/../../../../arm-none-eabi/lib/thumb/v7-m/libcr_c.a(initio.o)
 .rodata.__vfprintf.str1.1
                0x0000000000002e70       0x31 /usr/local/mcuxpressoide-10.2.0_759/ide/tools/bin/../lib/gcc/arm-none-eabi/7.2.1/../../../../arm-none-eabi/lib/thumb/v7-m/libcr_c.a(printf.o)
                                         0x38 (size before relaxing)
 .rodata._Csys_alloc.str1.1
                0x0000000000002ea1       0x18 /usr/local/mcuxpressoide-10.2.0_759/ide/tools/bin/../lib/gcc/arm-none-eabi/7.2.1/../../../../arm-none-eabi/lib/thumb/v7-m/libcr_c.a(alloc.o)
 *fill*         0x0000000000002eb9        0x7 ff
 .rodata.__huge_vall
                0x0000000000002ec0        0x8 /usr/local/mcuxpressoide-10.2.0_759/ide/tools/bin/../lib/gcc/arm-none-eabi/7.2.1/../../../../arm-none-eabi/lib/thumb/v7-m/libcr_c.a(_hugeval.o)
                0x0000000000002ec0                __huge_vall
 .rodata.__num_Ciob_streams
                0x0000000000002ec8        0x4 /usr/local/mcuxpressoide-10.2.0_759/ide/tools/bin/../lib/gcc/arm-none-eabi/7.2.1/../../../../arm-none-eabi/lib/thumb/v7-m/libcr_semihost.a(__ciob.o)
                0x0000000000002ec8                __num_Ciob_streams
                0x0000000000002ecc                . = ALIGN (0x4)

.glue_7         0x0000000000002ecc        0x0
 .glue_7        0x0000000000002ecc        0x0 linker stubs

.glue_7t        0x0000000000002ecc        0x0
 .glue_7t       0x0000000000002ecc        0x0 linker stubs

.vfp11_veneer   0x0000000000002ecc        0x0
 .vfp11_veneer  0x0000000000002ecc        0x0 linker stubs

.v4_bx          0x0000000000002ecc        0x0
 .v4_bx         0x0000000000002ecc        0x0 linker stubs

.iplt           0x0000000000002ecc        0x0
 .iplt          0x0000000000002ecc        0x0 ./primitivas/src/boardinit.o

.rel.dyn        0x0000000000002ecc        0x0
 .rel.iplt      0x0000000000002ecc        0x0 ./primitivas/src/boardinit.o

.ARM.extab
 *(.ARM.extab* .gnu.linkonce.armextab.*)
                0x0000000000002ecc                __exidx_start = .

.ARM.exidx
 *(.ARM.exidx* .gnu.linkonce.armexidx.*)
                0x0000000000002ecc                __exidx_end = .
                0x0000000000002ecc                _etext = .

.data_RAM2      0x000000002007c000        0x0 load address 0x0000000000002ecc
 FILL mask 0xff
                [!provide]                        PROVIDE (__start_data_RAM2, .)
 *(.ramfunc.$RAM2)
 *(.ramfunc.$RamAHB32)
 *(.data.$RAM2*)
 *(.data.$RamAHB32*)
                0x000000002007c000                . = ALIGN (0x4)
                [!provide]                        PROVIDE (__end_data_RAM2, .)

.uninit_RESERVED
                0x0000000010000000        0x0
 *(.bss.$RESERVED*)
                0x0000000010000000                . = ALIGN (0x4)
                0x0000000010000000                _end_uninit_RESERVED = .

.data           0x0000000010000000       0xc4 load address 0x0000000000002ecc
 FILL mask 0xff
                0x0000000010000000                _data = .
 *(vtable)
 *(.ramfunc*)
 *(.data*)
 .data.timers   0x0000000010000000       0xc4 ./drivers/systick/src/timer_systick.o
                0x00000000100000c4                . = ALIGN (0x4)
                0x00000000100000c4                _edata = .

.igot.plt       0x00000000100000c4        0x0 load address 0x0000000000002f90
 .igot.plt      0x00000000100000c4        0x0 ./primitivas/src/boardinit.o

.bss_RAM2       0x000000002007c000        0x0
                [!provide]                        PROVIDE (__start_bss_RAM2, .)
 *(.bss.$RAM2*)
 *(.bss.$RamAHB32*)
                0x000000002007c000                . = ALIGN ((. != 0x0)?0x4:0x1)
                [!provide]                        PROVIDE (__end_bss_RAM2, .)

.bss            0x00000000100000c4      0x1f8
                0x00000000100000c4                _bss = .
 *(.bss*)
 .bss.tick.4761
                0x00000000100000c4        0x4 ./drivers/systick/src/Systick.o
 .bss.resultado.4788
                0x00000000100000c8        0x4 ./drivers/adc/src/adc.o
 .bss.errno     0x00000000100000cc        0x4 /usr/local/mcuxpressoide-10.2.0_759/ide/tools/bin/../lib/gcc/arm-none-eabi/7.2.1/../../../../arm-none-eabi/lib/thumb/v7-m/libcr_c.a(errno.o)
                0x00000000100000cc                errno
 .bss.__end_of_heap
                0x00000000100000d0        0x4 /usr/local/mcuxpressoide-10.2.0_759/ide/tools/bin/../lib/gcc/arm-none-eabi/7.2.1/../../../../arm-none-eabi/lib/thumb/v7-m/libcr_c.a(__init_alloc.o)
                0x00000000100000d0                __end_of_heap
 .bss.__heaps   0x00000000100000d4        0x4 /usr/local/mcuxpressoide-10.2.0_759/ide/tools/bin/../lib/gcc/arm-none-eabi/7.2.1/../../../../arm-none-eabi/lib/thumb/v7-m/libcr_c.a(__init_alloc.o)
                0x00000000100000d4                __heaps
 .bss.__Ciob    0x00000000100000d8      0x1e0 /usr/local/mcuxpressoide-10.2.0_759/ide/tools/bin/../lib/gcc/arm-none-eabi/7.2.1/../../../../arm-none-eabi/lib/thumb/v7-m/libcr_semihost.a(__ciob.o)
                0x00000000100000d8                __Ciob
 *(COMMON)
 COMMON         0x00000000100002b8        0x4 ./application/aplicacion.o
                0x00000000100002b8                valorADC
                0x00000000100002bc                . = ALIGN (0x4)
                0x00000000100002bc                _ebss = .
                [!provide]                        PROVIDE (end, .)

.noinit_RAM2    0x000000002007c000        0x0
 *(.noinit.$RAM2*)
 *(.noinit.$RamAHB32*)
                0x000000002007c000                . = ALIGN (0x4)

.noinit         0x00000000100002bc        0x0
                0x00000000100002bc                _noinit = .
 *(.noinit*)
                0x00000000100002bc                . = ALIGN (0x4)
                0x00000000100002bc                _end_noinit = .
                0x00000000100002bc                PROVIDE (_pvHeapStart, DEFINED (__user_heap_base)?__user_heap_base:.)
                0x0000000010008000                PROVIDE (_vStackTop, DEFINED (__user_stack_top)?__user_stack_top:(__top_RamLoc32 - 0x0))
                [!provide]                        PROVIDE (__valid_user_code_checksum, (0x0 - ((((((_vStackTop + (ResetISR + 0x1)) + (NMI_Handler + 0x1)) + (HardFault_Handler + 0x1)) + (DEFINED (MemManage_Handler)?MemManage_Handler:0x0 + 0x1)) + (DEFINED (BusFault_Handler)?BusFault_Handler:0x0 + 0x1)) + (DEFINED (UsageFault_Handler)?UsageFault_Handler:0x0 + 0x1))))
                0x0000000000000000                _image_start = LOADADDR (.text)
                0x0000000000002f90                _image_end = (LOADADDR (.data) + SIZEOF (.data))
                0x0000000000002f90                _image_size = (_image_end - _image_start)
OUTPUT(ADC_Pote_KitInfo.axf elf32-littlearm)

.debug_info     0x0000000000000000     0x1e1d
 .debug_info    0x0000000000000000       0xd3 ./primitivas/src/boardinit.o
 .debug_info    0x00000000000000d3      0x18e ./drivers/systick/src/Systick.o
 .debug_info    0x0000000000000261      0x48a ./drivers/systick/src/timer_systick.o
 .debug_info    0x00000000000006eb       0xdb ./drivers/system/src/system_LPC17xx.o
 .debug_info    0x00000000000007c6      0x355 ./drivers/nvic/src/nvic.o
 .debug_info    0x0000000000000b1b      0x927 ./drivers/gpio/src/gpio.o
 .debug_info    0x0000000000001442      0x54f ./drivers/adc/src/adc.o
 .debug_info    0x0000000000001991      0x1fc ./application/aplicacion.o
 .debug_info    0x0000000000001b8d      0x251 ./application/cr_startup_lpc175x_6x.o
 .debug_info    0x0000000000001dde       0x3f ./application/crp.o

.debug_abbrev   0x0000000000000000      0xa3b
 .debug_abbrev  0x0000000000000000       0x92 ./primitivas/src/boardinit.o
 .debug_abbrev  0x0000000000000092      0x11b ./drivers/systick/src/Systick.o
 .debug_abbrev  0x00000000000001ad      0x1a5 ./drivers/systick/src/timer_systick.o
 .debug_abbrev  0x0000000000000352       0x9f ./drivers/system/src/system_LPC17xx.o
 .debug_abbrev  0x00000000000003f1      0x133 ./drivers/nvic/src/nvic.o
 .debug_abbrev  0x0000000000000524      0x18a ./drivers/gpio/src/gpio.o
 .debug_abbrev  0x00000000000006ae      0x16b ./drivers/adc/src/adc.o
 .debug_abbrev  0x0000000000000819       0xe9 ./application/aplicacion.o
 .debug_abbrev  0x0000000000000902      0x103 ./application/cr_startup_lpc175x_6x.o
 .debug_abbrev  0x0000000000000a05       0x36 ./application/crp.o

.debug_aranges  0x0000000000000000      0x230
 .debug_aranges
                0x0000000000000000       0x20 ./primitivas/src/boardinit.o
 .debug_aranges
                0x0000000000000020       0x28 ./drivers/systick/src/Systick.o
 .debug_aranges
                0x0000000000000048       0x48 ./drivers/systick/src/timer_systick.o
 .debug_aranges
                0x0000000000000090       0x20 ./drivers/system/src/system_LPC17xx.o
 .debug_aranges
                0x00000000000000b0       0x28 ./drivers/nvic/src/nvic.o
 .debug_aranges
                0x00000000000000d8       0x68 ./drivers/gpio/src/gpio.o
 .debug_aranges
                0x0000000000000140       0x28 ./drivers/adc/src/adc.o
 .debug_aranges
                0x0000000000000168       0x30 ./application/aplicacion.o
 .debug_aranges
                0x0000000000000198       0x80 ./application/cr_startup_lpc175x_6x.o
 .debug_aranges
                0x0000000000000218       0x18 ./application/crp.o

.debug_ranges   0x0000000000000000      0x188
 .debug_ranges  0x0000000000000000       0x10 ./primitivas/src/boardinit.o
 .debug_ranges  0x0000000000000010       0x18 ./drivers/systick/src/Systick.o
 .debug_ranges  0x0000000000000028       0x38 ./drivers/systick/src/timer_systick.o
 .debug_ranges  0x0000000000000060       0x10 ./drivers/system/src/system_LPC17xx.o
 .debug_ranges  0x0000000000000070       0x18 ./drivers/nvic/src/nvic.o
 .debug_ranges  0x0000000000000088       0x58 ./drivers/gpio/src/gpio.o
 .debug_ranges  0x00000000000000e0       0x18 ./drivers/adc/src/adc.o
 .debug_ranges  0x00000000000000f8       0x20 ./application/aplicacion.o
 .debug_ranges  0x0000000000000118       0x70 ./application/cr_startup_lpc175x_6x.o

.debug_macro    0x0000000000000000     0x24f0
 .debug_macro   0x0000000000000000       0x95 ./primitivas/src/boardinit.o
 .debug_macro   0x0000000000000095      0xa6c ./primitivas/src/boardinit.o
 .debug_macro   0x0000000000000b01       0x10 ./primitivas/src/boardinit.o
 .debug_macro   0x0000000000000b11      0x12d ./primitivas/src/boardinit.o
 .debug_macro   0x0000000000000c3e      0x5b2 ./primitivas/src/boardinit.o
 .debug_macro   0x00000000000011f0       0x1c ./primitivas/src/boardinit.o
 .debug_macro   0x000000000000120c      0x72a ./primitivas/src/boardinit.o
 .debug_macro   0x0000000000001936      0x34c ./primitivas/src/boardinit.o
 .debug_macro   0x0000000000001c82      0x124 ./primitivas/src/boardinit.o
 .debug_macro   0x0000000000001da6       0xe2 ./primitivas/src/boardinit.o
 .debug_macro   0x0000000000001e88       0x1c ./primitivas/src/boardinit.o
 .debug_macro   0x0000000000001ea4       0x16 ./primitivas/src/boardinit.o
 .debug_macro   0x0000000000001eba       0xb7 ./drivers/systick/src/Systick.o
 .debug_macro   0x0000000000001f71       0x88 ./drivers/systick/src/Systick.o
 .debug_macro   0x0000000000001ff9       0x8b ./drivers/systick/src/timer_systick.o
 .debug_macro   0x0000000000002084       0xa0 ./drivers/systick/src/timer_systick.o
 .debug_macro   0x0000000000002124       0xfe ./drivers/system/src/system_LPC17xx.o
 .debug_macro   0x0000000000002222       0x63 ./drivers/nvic/src/nvic.o
 .debug_macro   0x0000000000002285       0x7b ./drivers/gpio/src/gpio.o
 .debug_macro   0x0000000000002300       0x9d ./drivers/adc/src/adc.o
 .debug_macro   0x000000000000239d       0x66 ./application/aplicacion.o
 .debug_macro   0x0000000000002403       0x82 ./application/aplicacion.o
 .debug_macro   0x0000000000002485       0x1d ./application/cr_startup_lpc175x_6x.o
 .debug_macro   0x00000000000024a2       0x1a ./application/crp.o
 .debug_macro   0x00000000000024bc       0x34 ./application/crp.o

.debug_line     0x0000000000000000     0x12c6
 .debug_line    0x0000000000000000      0x27f ./primitivas/src/boardinit.o
 .debug_line    0x000000000000027f      0x21f ./drivers/systick/src/Systick.o
 .debug_line    0x000000000000049e      0x299 ./drivers/systick/src/timer_systick.o
 .debug_line    0x0000000000000737      0x1cb ./drivers/system/src/system_LPC17xx.o
 .debug_line    0x0000000000000902      0x18e ./drivers/nvic/src/nvic.o
 .debug_line    0x0000000000000a90      0x27d ./drivers/gpio/src/gpio.o
 .debug_line    0x0000000000000d0d      0x236 ./drivers/adc/src/adc.o
 .debug_line    0x0000000000000f43      0x228 ./application/aplicacion.o
 .debug_line    0x000000000000116b       0xda ./application/cr_startup_lpc175x_6x.o
 .debug_line    0x0000000000001245       0x81 ./application/crp.o

.debug_str      0x0000000000000000     0xa569
 .debug_str     0x0000000000000000     0x89c9 ./primitivas/src/boardinit.o
                                       0x8a47 (size before relaxing)
 .debug_str     0x00000000000089c9      0x355 ./drivers/systick/src/Systick.o
                                       0x8c22 (size before relaxing)
 .debug_str     0x0000000000008d1e      0x4fb ./drivers/systick/src/timer_systick.o
                                       0x502e (size before relaxing)
 .debug_str     0x0000000000009219      0x2b0 ./drivers/system/src/system_LPC17xx.o
                                       0x8620 (size before relaxing)
 .debug_str     0x00000000000094c9      0x2aa ./drivers/nvic/src/nvic.o
                                       0x861f (size before relaxing)
 .debug_str     0x0000000000009773      0x44a ./drivers/gpio/src/gpio.o
                                       0x8c3a (size before relaxing)
 .debug_str     0x0000000000009bbd      0x261 ./drivers/adc/src/adc.o
                                       0x8c79 (size before relaxing)
 .debug_str     0x0000000000009e1e      0x4a8 ./application/aplicacion.o
                                       0x4b44 (size before relaxing)
 .debug_str     0x000000000000a2c6      0x1b2 ./application/cr_startup_lpc175x_6x.o
                                       0x2eac (size before relaxing)
 .debug_str     0x000000000000a478       0xf1 ./application/crp.o
                                       0x2db9 (size before relaxing)

.comment        0x0000000000000000       0x7e
 .comment       0x0000000000000000       0x7e ./primitivas/src/boardinit.o
                                         0x7f (size before relaxing)
 .comment       0x000000000000007e       0x7f ./drivers/systick/src/Systick.o
 .comment       0x000000000000007e       0x7f ./drivers/systick/src/timer_systick.o
 .comment       0x000000000000007e       0x7f ./drivers/system/src/system_LPC17xx.o
 .comment       0x000000000000007e       0x7f ./drivers/nvic/src/nvic.o
 .comment       0x000000000000007e       0x7f ./drivers/gpio/src/gpio.o
 .comment       0x000000000000007e       0x7f ./drivers/adc/src/adc.o
 .comment       0x000000000000007e       0x7f ./application/aplicacion.o
 .comment       0x000000000000007e       0x7f ./application/cr_startup_lpc175x_6x.o
 .comment       0x000000000000007e       0x7f ./application/crp.o
 .comment       0x000000000000007e       0x7f /usr/local/mcuxpressoide-10.2.0_759/ide/tools/bin/../lib/gcc/arm-none-eabi/7.2.1/../../../../arm-none-eabi/lib/thumb/v7-m/libcr_semihost.a(_cr__main.o)
 .comment       0x000000000000007e       0x7f /usr/local/mcuxpressoide-10.2.0_759/ide/tools/bin/../lib/gcc/arm-none-eabi/7.2.1/../../../../arm-none-eabi/lib/thumb/v7-m/libcr_c.a(fpprintf.o)
 .comment       0x000000000000007e       0x7f /usr/local/mcuxpressoide-10.2.0_759/ide/tools/bin/../lib/gcc/arm-none-eabi/7.2.1/../../../../arm-none-eabi/lib/thumb/v7-m/libcr_c.a(initio.o)
 .comment       0x000000000000007e       0x7f /usr/local/mcuxpressoide-10.2.0_759/ide/tools/bin/../lib/gcc/arm-none-eabi/7.2.1/../../../../arm-none-eabi/lib/thumb/v7-m/libcr_c.a(printf.o)
 .comment       0x000000000000007e       0x7f /usr/local/mcuxpressoide-10.2.0_759/ide/tools/bin/../lib/gcc/arm-none-eabi/7.2.1/../../../../arm-none-eabi/lib/thumb/v7-m/libcr_c.a(setvbuf.o)
 .comment       0x000000000000007e       0x7f /usr/local/mcuxpressoide-10.2.0_759/ide/tools/bin/../lib/gcc/arm-none-eabi/7.2.1/../../../../arm-none-eabi/lib/thumb/v7-m/libcr_c.a(strlen.o)
 .comment       0x000000000000007e       0x7f /usr/local/mcuxpressoide-10.2.0_759/ide/tools/bin/../lib/gcc/arm-none-eabi/7.2.1/../../../../arm-none-eabi/lib/thumb/v7-m/libcr_c.a(memset.o)
 .comment       0x000000000000007e       0x7f /usr/local/mcuxpressoide-10.2.0_759/ide/tools/bin/../lib/gcc/arm-none-eabi/7.2.1/../../../../arm-none-eabi/lib/thumb/v7-m/libcr_c.a(_deferredlazyseek.o)
 .comment       0x000000000000007e       0x7f /usr/local/mcuxpressoide-10.2.0_759/ide/tools/bin/../lib/gcc/arm-none-eabi/7.2.1/../../../../arm-none-eabi/lib/thumb/v7-m/libcr_c.a(_fdopen.o)
 .comment       0x000000000000007e       0x7f /usr/local/mcuxpressoide-10.2.0_759/ide/tools/bin/../lib/gcc/arm-none-eabi/7.2.1/../../../../arm-none-eabi/lib/thumb/v7-m/libcr_c.a(_fflush.o)
 .comment       0x000000000000007e       0x7f /usr/local/mcuxpressoide-10.2.0_759/ide/tools/bin/../lib/gcc/arm-none-eabi/7.2.1/../../../../arm-none-eabi/lib/thumb/v7-m/libcr_c.a(_frexpl.o)
 .comment       0x000000000000007e       0x7f /usr/local/mcuxpressoide-10.2.0_759/ide/tools/bin/../lib/gcc/arm-none-eabi/7.2.1/../../../../arm-none-eabi/lib/thumb/v7-m/libcr_c.a(_ldexpl.o)
 .comment       0x000000000000007e       0x7f /usr/local/mcuxpressoide-10.2.0_759/ide/tools/bin/../lib/gcc/arm-none-eabi/7.2.1/../../../../arm-none-eabi/lib/thumb/v7-m/libcr_c.a(_writebuf.o)
 .comment       0x000000000000007e       0x7f /usr/local/mcuxpressoide-10.2.0_759/ide/tools/bin/../lib/gcc/arm-none-eabi/7.2.1/../../../../arm-none-eabi/lib/thumb/v7-m/libcr_c.a(alloc.o)
 .comment       0x000000000000007e       0x7f /usr/local/mcuxpressoide-10.2.0_759/ide/tools/bin/../lib/gcc/arm-none-eabi/7.2.1/../../../../arm-none-eabi/lib/thumb/v7-m/libcr_c.a(errno.o)
 .comment       0x000000000000007e       0x7f /usr/local/mcuxpressoide-10.2.0_759/ide/tools/bin/../lib/gcc/arm-none-eabi/7.2.1/../../../../arm-none-eabi/lib/thumb/v7-m/libcr_c.a(fclose.o)
 .comment       0x000000000000007e       0x7f /usr/local/mcuxpressoide-10.2.0_759/ide/tools/bin/../lib/gcc/arm-none-eabi/7.2.1/../../../../arm-none-eabi/lib/thumb/v7-m/libcr_c.a(fflush.o)
 .comment       0x000000000000007e       0x7f /usr/local/mcuxpressoide-10.2.0_759/ide/tools/bin/../lib/gcc/arm-none-eabi/7.2.1/../../../../arm-none-eabi/lib/thumb/v7-m/libcr_c.a(fseek.o)
 .comment       0x000000000000007e       0x7f /usr/local/mcuxpressoide-10.2.0_759/ide/tools/bin/../lib/gcc/arm-none-eabi/7.2.1/../../../../arm-none-eabi/lib/thumb/v7-m/libcr_c.a(ftell.o)
 .comment       0x000000000000007e       0x7f /usr/local/mcuxpressoide-10.2.0_759/ide/tools/bin/../lib/gcc/arm-none-eabi/7.2.1/../../../../arm-none-eabi/lib/thumb/v7-m/libcr_c.a(remove.o)
 .comment       0x000000000000007e       0x7f /usr/local/mcuxpressoide-10.2.0_759/ide/tools/bin/../lib/gcc/arm-none-eabi/7.2.1/../../../../arm-none-eabi/lib/thumb/v7-m/libcr_c.a(__init_alloc.o)
 .comment       0x000000000000007e       0x7f /usr/local/mcuxpressoide-10.2.0_759/ide/tools/bin/../lib/gcc/arm-none-eabi/7.2.1/../../../../arm-none-eabi/lib/thumb/v7-m/libcr_c.a(_cr_sbrk.o)
 .comment       0x000000000000007e       0x7f /usr/local/mcuxpressoide-10.2.0_759/ide/tools/bin/../lib/gcc/arm-none-eabi/7.2.1/../../../../arm-none-eabi/lib/thumb/v7-m/libcr_c.a(_do_fflush.o)
 .comment       0x000000000000007e       0x7f /usr/local/mcuxpressoide-10.2.0_759/ide/tools/bin/../lib/gcc/arm-none-eabi/7.2.1/../../../../arm-none-eabi/lib/thumb/v7-m/libcr_c.a(_hugeval.o)
 .comment       0x000000000000007e       0x7f /usr/local/mcuxpressoide-10.2.0_759/ide/tools/bin/../lib/gcc/arm-none-eabi/7.2.1/../../../../arm-none-eabi/lib/thumb/v7-m/libcr_c.a(_cr_check_heap.o)
 .comment       0x000000000000007e       0x7f /usr/local/mcuxpressoide-10.2.0_759/ide/tools/bin/../lib/gcc/arm-none-eabi/7.2.1/thumb/v7-m/libcr_eabihelpers.a(double.o)
 .comment       0x000000000000007e       0x7f /usr/local/mcuxpressoide-10.2.0_759/ide/tools/bin/../lib/gcc/arm-none-eabi/7.2.1/../../../../arm-none-eabi/lib/thumb/v7-m/libcr_semihost.a(__ciob.o)

.ARM.attributes
                0x0000000000000000       0x31
 .ARM.attributes
                0x0000000000000000       0x33 ./primitivas/src/boardinit.o
 .ARM.attributes
                0x0000000000000033       0x33 ./drivers/systick/src/Systick.o
 .ARM.attributes
                0x0000000000000066       0x33 ./drivers/systick/src/timer_systick.o
 .ARM.attributes
                0x0000000000000099       0x33 ./drivers/system/src/system_LPC17xx.o
 .ARM.attributes
                0x00000000000000cc       0x33 ./drivers/nvic/src/nvic.o
 .ARM.attributes
                0x00000000000000ff       0x33 ./drivers/gpio/src/gpio.o
 .ARM.attributes
                0x0000000000000132       0x33 ./drivers/adc/src/adc.o
 .ARM.attributes
                0x0000000000000165       0x33 ./application/aplicacion.o
 .ARM.attributes
                0x0000000000000198       0x33 ./application/cr_startup_lpc175x_6x.o
 .ARM.attributes
                0x00000000000001cb       0x33 ./application/crp.o
 .ARM.attributes
                0x00000000000001fe       0x33 /usr/local/mcuxpressoide-10.2.0_759/ide/tools/bin/../lib/gcc/arm-none-eabi/7.2.1/../../../../arm-none-eabi/lib/thumb/v7-m/libcr_semihost.a(_cr__main.o)
 .ARM.attributes
                0x0000000000000231       0x33 /usr/local/mcuxpressoide-10.2.0_759/ide/tools/bin/../lib/gcc/arm-none-eabi/7.2.1/../../../../arm-none-eabi/lib/thumb/v7-m/libcr_c.a(fpprintf.o)
 .ARM.attributes
                0x0000000000000264       0x33 /usr/local/mcuxpressoide-10.2.0_759/ide/tools/bin/../lib/gcc/arm-none-eabi/7.2.1/../../../../arm-none-eabi/lib/thumb/v7-m/libcr_c.a(initio.o)
 .ARM.attributes
                0x0000000000000297       0x33 /usr/local/mcuxpressoide-10.2.0_759/ide/tools/bin/../lib/gcc/arm-none-eabi/7.2.1/../../../../arm-none-eabi/lib/thumb/v7-m/libcr_c.a(printf.o)
 .ARM.attributes
                0x00000000000002ca       0x33 /usr/local/mcuxpressoide-10.2.0_759/ide/tools/bin/../lib/gcc/arm-none-eabi/7.2.1/../../../../arm-none-eabi/lib/thumb/v7-m/libcr_c.a(setvbuf.o)
 .ARM.attributes
                0x00000000000002fd       0x33 /usr/local/mcuxpressoide-10.2.0_759/ide/tools/bin/../lib/gcc/arm-none-eabi/7.2.1/../../../../arm-none-eabi/lib/thumb/v7-m/libcr_c.a(strlen.o)
 .ARM.attributes
                0x0000000000000330       0x33 /usr/local/mcuxpressoide-10.2.0_759/ide/tools/bin/../lib/gcc/arm-none-eabi/7.2.1/../../../../arm-none-eabi/lib/thumb/v7-m/libcr_c.a(memset.o)
 .ARM.attributes
                0x0000000000000363       0x33 /usr/local/mcuxpressoide-10.2.0_759/ide/tools/bin/../lib/gcc/arm-none-eabi/7.2.1/../../../../arm-none-eabi/lib/thumb/v7-m/libcr_c.a(_deferredlazyseek.o)
 .ARM.attributes
                0x0000000000000396       0x33 /usr/local/mcuxpressoide-10.2.0_759/ide/tools/bin/../lib/gcc/arm-none-eabi/7.2.1/../../../../arm-none-eabi/lib/thumb/v7-m/libcr_c.a(_fdopen.o)
 .ARM.attributes
                0x00000000000003c9       0x33 /usr/local/mcuxpressoide-10.2.0_759/ide/tools/bin/../lib/gcc/arm-none-eabi/7.2.1/../../../../arm-none-eabi/lib/thumb/v7-m/libcr_c.a(_fflush.o)
 .ARM.attributes
                0x00000000000003fc       0x33 /usr/local/mcuxpressoide-10.2.0_759/ide/tools/bin/../lib/gcc/arm-none-eabi/7.2.1/../../../../arm-none-eabi/lib/thumb/v7-m/libcr_c.a(_frexpl.o)
 .ARM.attributes
                0x000000000000042f       0x33 /usr/local/mcuxpressoide-10.2.0_759/ide/tools/bin/../lib/gcc/arm-none-eabi/7.2.1/../../../../arm-none-eabi/lib/thumb/v7-m/libcr_c.a(_ldexpl.o)
 .ARM.attributes
                0x0000000000000462       0x33 /usr/local/mcuxpressoide-10.2.0_759/ide/tools/bin/../lib/gcc/arm-none-eabi/7.2.1/../../../../arm-none-eabi/lib/thumb/v7-m/libcr_c.a(_writebuf.o)
 .ARM.attributes
                0x0000000000000495       0x33 /usr/local/mcuxpressoide-10.2.0_759/ide/tools/bin/../lib/gcc/arm-none-eabi/7.2.1/../../../../arm-none-eabi/lib/thumb/v7-m/libcr_c.a(alloc.o)
 .ARM.attributes
                0x00000000000004c8       0x33 /usr/local/mcuxpressoide-10.2.0_759/ide/tools/bin/../lib/gcc/arm-none-eabi/7.2.1/../../../../arm-none-eabi/lib/thumb/v7-m/libcr_c.a(errno.o)
 .ARM.attributes
                0x00000000000004fb       0x33 /usr/local/mcuxpressoide-10.2.0_759/ide/tools/bin/../lib/gcc/arm-none-eabi/7.2.1/../../../../arm-none-eabi/lib/thumb/v7-m/libcr_c.a(fclose.o)
 .ARM.attributes
                0x000000000000052e       0x33 /usr/local/mcuxpressoide-10.2.0_759/ide/tools/bin/../lib/gcc/arm-none-eabi/7.2.1/../../../../arm-none-eabi/lib/thumb/v7-m/libcr_c.a(fflush.o)
 .ARM.attributes
                0x0000000000000561       0x33 /usr/local/mcuxpressoide-10.2.0_759/ide/tools/bin/../lib/gcc/arm-none-eabi/7.2.1/../../../../arm-none-eabi/lib/thumb/v7-m/libcr_c.a(fseek.o)
 .ARM.attributes
                0x0000000000000594       0x33 /usr/local/mcuxpressoide-10.2.0_759/ide/tools/bin/../lib/gcc/arm-none-eabi/7.2.1/../../../../arm-none-eabi/lib/thumb/v7-m/libcr_c.a(ftell.o)
 .ARM.attributes
                0x00000000000005c7       0x33 /usr/local/mcuxpressoide-10.2.0_759/ide/tools/bin/../lib/gcc/arm-none-eabi/7.2.1/../../../../arm-none-eabi/lib/thumb/v7-m/libcr_c.a(remove.o)
 .ARM.attributes
                0x00000000000005fa       0x33 /usr/local/mcuxpressoide-10.2.0_759/ide/tools/bin/../lib/gcc/arm-none-eabi/7.2.1/../../../../arm-none-eabi/lib/thumb/v7-m/libcr_c.a(__init_alloc.o)
 .ARM.attributes
                0x000000000000062d       0x33 /usr/local/mcuxpressoide-10.2.0_759/ide/tools/bin/../lib/gcc/arm-none-eabi/7.2.1/../../../../arm-none-eabi/lib/thumb/v7-m/libcr_c.a(_cr_sbrk.o)
 .ARM.attributes
                0x0000000000000660       0x33 /usr/local/mcuxpressoide-10.2.0_759/ide/tools/bin/../lib/gcc/arm-none-eabi/7.2.1/../../../../arm-none-eabi/lib/thumb/v7-m/libcr_c.a(_do_fflush.o)
 .ARM.attributes
                0x0000000000000693       0x33 /usr/local/mcuxpressoide-10.2.0_759/ide/tools/bin/../lib/gcc/arm-none-eabi/7.2.1/../../../../arm-none-eabi/lib/thumb/v7-m/libcr_c.a(_hugeval.o)
 .ARM.attributes
                0x00000000000006c6       0x33 /usr/local/mcuxpressoide-10.2.0_759/ide/tools/bin/../lib/gcc/arm-none-eabi/7.2.1/../../../../arm-none-eabi/lib/thumb/v7-m/libcr_c.a(_cr_check_heap.o)
 .ARM.attributes
                0x00000000000006f9       0x33 /usr/local/mcuxpressoide-10.2.0_759/ide/tools/bin/../lib/gcc/arm-none-eabi/7.2.1/thumb/v7-m/libcr_eabihelpers.a(double.o)
 .ARM.attributes
                0x000000000000072c       0x21 /usr/local/mcuxpressoide-10.2.0_759/ide/tools/bin/../lib/gcc/arm-none-eabi/7.2.1/thumb/v7-m/libcr_eabihelpers.a(memcpy.o)
 .ARM.attributes
                0x000000000000074d       0x33 /usr/local/mcuxpressoide-10.2.0_759/ide/tools/bin/../lib/gcc/arm-none-eabi/7.2.1/../../../../arm-none-eabi/lib/thumb/v7-m/libcr_semihost.a(__ciob.o)
 .ARM.attributes
                0x0000000000000780       0x21 /usr/local/mcuxpressoide-10.2.0_759/ide/tools/bin/../lib/gcc/arm-none-eabi/7.2.1/../../../../arm-none-eabi/lib/thumb/v7-m/libcr_semihost.a(__sys_appexit.o)
 .ARM.attributes
                0x00000000000007a1       0x21 /usr/local/mcuxpressoide-10.2.0_759/ide/tools/bin/../lib/gcc/arm-none-eabi/7.2.1/../../../../arm-none-eabi/lib/thumb/v7-m/libcr_semihost.a(__sys_close.o)
 .ARM.attributes
                0x00000000000007c2       0x21 /usr/local/mcuxpressoide-10.2.0_759/ide/tools/bin/../lib/gcc/arm-none-eabi/7.2.1/../../../../arm-none-eabi/lib/thumb/v7-m/libcr_semihost.a(__sys_flen.o)
 .ARM.attributes
                0x00000000000007e3       0x21 /usr/local/mcuxpressoide-10.2.0_759/ide/tools/bin/../lib/gcc/arm-none-eabi/7.2.1/../../../../arm-none-eabi/lib/thumb/v7-m/libcr_semihost.a(__sys_istty.o)
 .ARM.attributes
                0x0000000000000804       0x21 /usr/local/mcuxpressoide-10.2.0_759/ide/tools/bin/../lib/gcc/arm-none-eabi/7.2.1/../../../../arm-none-eabi/lib/thumb/v7-m/libcr_semihost.a(__sys_remove.o)
 .ARM.attributes
                0x0000000000000825       0x21 /usr/local/mcuxpressoide-10.2.0_759/ide/tools/bin/../lib/gcc/arm-none-eabi/7.2.1/../../../../arm-none-eabi/lib/thumb/v7-m/libcr_semihost.a(__sys_seek.o)
 .ARM.attributes
                0x0000000000000846       0x21 /usr/local/mcuxpressoide-10.2.0_759/ide/tools/bin/../lib/gcc/arm-none-eabi/7.2.1/../../../../arm-none-eabi/lib/thumb/v7-m/libcr_semihost.a(__sys_tmpnam.o)
 .ARM.attributes
                0x0000000000000867       0x21 /usr/local/mcuxpressoide-10.2.0_759/ide/tools/bin/../lib/gcc/arm-none-eabi/7.2.1/../../../../arm-none-eabi/lib/thumb/v7-m/libcr_semihost.a(__sys_write.o)

.debug_frame    0x0000000000000000      0x5bc
 .debug_frame   0x0000000000000000       0x2c ./primitivas/src/boardinit.o
 .debug_frame   0x000000000000002c       0x4c ./drivers/systick/src/Systick.o
 .debug_frame   0x0000000000000078       0xec ./drivers/systick/src/timer_systick.o
 .debug_frame   0x0000000000000164       0x30 ./drivers/system/src/system_LPC17xx.o
 .debug_frame   0x0000000000000194       0x60 ./drivers/nvic/src/nvic.o
 .debug_frame   0x00000000000001f4      0x1a0 ./drivers/gpio/src/gpio.o
 .debug_frame   0x0000000000000394       0x54 ./drivers/adc/src/adc.o
 .debug_frame   0x00000000000003e8       0x64 ./application/aplicacion.o
 .debug_frame   0x000000000000044c      0x170 ./application/cr_startup_lpc175x_6x.o
